2026-08-06 17:53:50 - xl_updata_tool - INFO - XL Update Tool 启动
2026-08-07 12:49:33 - xl_updata_tool - INFO - XL Update Tool 启动
2026-08-07 12:49:59 - xl_updata_tool - INFO - XL Update Tool 启动
2026-08-07 13:21:34 - xl_updata_tool - INFO - XL Update Tool 启动
2026-08-07 13:21:37 - xl_updata_tool - DEBUG - 检查 AssetStudio.CLI 路径: C:\Users\Administrator\Desktop\xl\xl_updata_tool\app\tools\AssetStudio\AssetStudio.CLI.exe
2026-08-07 13:21:37 - xl_updata_tool - WARNING - AssetStudio.CLI.exe 不存在，1秒后重试: C:\Users\Administrator\Desktop\xl\xl_updata_tool\app\tools\AssetStudio\AssetStudio.CLI.exe
2026-08-07 13:21:38 - xl_updata_tool - ERROR - AssetStudio.CLI.exe 不存在: C:\Users\Administrator\Desktop\xl\xl_updata_tool\app\tools\AssetStudio\AssetStudio.CLI.exe
2026-08-07 13:21:38 - xl_updata_tool - DEBUG - 检查 AssetStudio.CLI 路径: C:\Users\Administrator\Desktop\xl\xl_updata_tool\app\tools\AssetStudio\AssetStudio.CLI.exe
2026-08-07 13:21:38 - xl_updata_tool - WARNING - AssetStudio.CLI.exe 不存在，1秒后重试: C:\Users\Administrator\Desktop\xl\xl_updata_tool\app\tools\AssetStudio\AssetStudio.CLI.exe
2026-08-07 13:21:39 - xl_updata_tool - ERROR - AssetStudio.CLI.exe 不存在: C:\Users\Administrator\Desktop\xl\xl_updata_tool\app\tools\AssetStudio\AssetStudio.CLI.exe
2026-08-07 13:21:39 - xl_updata_tool - DEBUG - 检查 AssetStudio.CLI 路径: C:\Users\Administrator\Desktop\xl\xl_updata_tool\app\tools\AssetStudio\AssetStudio.CLI.exe
2026-08-07 13:21:39 - xl_updata_tool - WARNING - AssetStudio.CLI.exe 不存在，1秒后重试: C:\Users\Administrator\Desktop\xl\xl_updata_tool\app\tools\AssetStudio\AssetStudio.CLI.exe
2026-08-07 13:21:40 - xl_updata_tool - ERROR - AssetStudio.CLI.exe 不存在: C:\Users\Administrator\Desktop\xl\xl_updata_tool\app\tools\AssetStudio\AssetStudio.CLI.exe
2026-08-07 13:21:40 - xl_updata_tool - DEBUG - 检查 AssetStudio.CLI 路径: C:\Users\Administrator\Desktop\xl\xl_updata_tool\app\tools\AssetStudio\AssetStudio.CLI.exe
2026-08-07 13:21:40 - xl_updata_tool - WARNING - AssetStudio.CLI.exe 不存在，1秒后重试: C:\Users\Administrator\Desktop\xl\xl_updata_tool\app\tools\AssetStudio\AssetStudio.CLI.exe
2026-08-07 13:21:41 - xl_updata_tool - ERROR - AssetStudio.CLI.exe 不存在: C:\Users\Administrator\Desktop\xl\xl_updata_tool\app\tools\AssetStudio\AssetStudio.CLI.exe
2026-08-07 13:24:01 - xl_updata_tool - INFO - XL Update Tool 启动
2026-08-07 14:08:50 - xl_updata_tool - INFO - XL Update Tool 启动
2026-08-07 14:09:04 - xl_updata_tool - INFO - === 开始下载: 版本=134303709534385345, 增量模式=True ===
2026-08-07 14:09:04 - xl_updata_tool - WARNING - 版本 134303709534385345 无 sub_bundle 记录（数据库为空）
2026-08-07 14:09:16 - xl_updata_tool - INFO - === 开始下载: 版本=134272123703055311, 增量模式=True ===
2026-08-07 14:09:16 - xl_updata_tool - WARNING - 版本 134272123703055311 无 sub_bundle 记录（数据库为空）
2026-08-07 14:09:52 - xl_updata_tool - INFO - XL Update Tool 启动
2026-08-07 14:09:55 - xl_updata_tool - INFO - === 开始下载: 版本=134303709534385345, 增量模式=False ===
2026-08-07 14:09:55 - xl_updata_tool - WARNING - 版本 134303709534385345 无 sub_bundle 记录（数据库为空）
2026-08-07 14:11:02 - xl_updata_tool - INFO - XL Update Tool 启动
2026-08-07 14:11:04 - xl_updata_tool - INFO - === 开始下载: 版本=134303709534385345, 增量模式=True ===
2026-08-07 14:11:04 - xl_updata_tool - WARNING - 版本 134303709534385345 无 sub_bundle 记录（数据库为空）
2026-08-07 14:11:05 - xl_updata_tool - INFO - === 开始下载: 版本=134303709534385345, 增量模式=False ===
2026-08-07 14:11:05 - xl_updata_tool - WARNING - 版本 134303709534385345 无 sub_bundle 记录（数据库为空）
2026-08-07 14:14:52 - xl_updata_tool - INFO - XL Update Tool 启动
2026-08-07 14:14:55 - xl_updata_tool - INFO - === 开始下载: 版本=134303709534385345, 增量模式=True ===
2026-08-07 14:14:55 - xl_updata_tool - WARNING - 版本 134303709534385345 无 sub_bundle 记录（数据库为空）
2026-08-07 14:14:56 - xl_updata_tool - INFO - === 开始下载: 版本=134303709534385345, 增量模式=False ===
2026-08-07 14:14:56 - xl_updata_tool - WARNING - 版本 134303709534385345 无 sub_bundle 记录（数据库为空）
2026-08-07 14:14:58 - xl_updata_tool - INFO - === 开始下载: 版本=134272123703055311, 增量模式=False ===
2026-08-07 14:14:58 - xl_updata_tool - WARNING - 版本 134272123703055311 无 sub_bundle 记录（数据库为空）
2026-08-07 14:14:59 - xl_updata_tool - INFO - === 开始下载: 版本=134272123703055311, 增量模式=True ===
2026-08-07 14:14:59 - xl_updata_tool - WARNING - 版本 134272123703055311 无 sub_bundle 记录（数据库为空）
2026-08-07 14:15:02 - xl_updata_tool - INFO - 开始加载预览图片: C:\Users\Administrator\Desktop\xl\xl_updata_tool\app\output\character
2026-08-07 14:15:02 - xl_updata_tool - WARNING - 预览目录不存在，已创建: C:\Users\Administrator\Desktop\xl\xl_updata_tool\app\output\character
2026-08-07 14:15:02 - xl_updata_tool - WARNING - 预览目录为空
2026-08-07 14:15:02 - xl_updata_tool - INFO - 加载完成，共 0 张图片
2026-08-07 14:15:03 - xl_updata_tool - WARNING - epic7_debank 目录不存在: C:\Users\Administrator\Desktop\xl\xl_updata_tool\app\tools\epic7_debank_v1_0
2026-08-07 14:15:03 - xl_updata_tool - INFO - 音频输出目录不存在: C:\Users\Administrator\Desktop\xl\xl_updata_tool\app\output\audio
2026-08-07 14:15:09 - xl_updata_tool - INFO - === 开始下载: 版本=134303709534385345, 增量模式=True ===
2026-08-07 14:15:09 - xl_updata_tool - WARNING - 版本 134303709534385345 无 sub_bundle 记录（数据库为空）
2026-08-07 14:45:32 - xl_updata_tool - INFO - XL Update Tool 启动
2026-08-07 14:45:35 - xl_updata_tool - INFO - === 开始下载: 版本=134303709534385345, 增量模式=True ===
2026-08-07 14:45:35 - xl_updata_tool - WARNING - 版本 134303709534385345 无 sub_bundle 记录（数据库为空），尝试从服务器获取
2026-08-07 14:45:35 - xl_updata_tool - INFO - 尝试从服务器获取版本 134303709534385345 的 bundle 清单
2026-08-07 14:45:35 - xl_updata_tool - INFO - 下载 category 包: https://elpis.17995cdn.com/Android/Bundles/arts_a227cf30bf552736c90f60aa2867d1bd.json (尝试 1/2)
2026-08-07 14:45:35 - xl_updata_tool - DEBUG - HTTP GET 成功: https://elpis.17995cdn.com/Android/Bundles/arts_a227cf30bf55... (860595 bytes)
2026-08-07 14:45:35 - xl_updata_tool - DEBUG - 检查 AssetStudio.CLI 路径: C:\Users\Administrator\Desktop\xl\xl_updata_tool\app\tools\AssetStudio\AssetStudio.CLI.exe
2026-08-07 14:45:35 - xl_updata_tool - WARNING - AssetStudio.CLI.exe 不存在，1秒后重试: C:\Users\Administrator\Desktop\xl\xl_updata_tool\app\tools\AssetStudio\AssetStudio.CLI.exe
2026-08-07 14:45:36 - xl_updata_tool - ERROR - AssetStudio.CLI.exe 不存在: C:\Users\Administrator\Desktop\xl\xl_updata_tool\app\tools\AssetStudio\AssetStudio.CLI.exe
2026-08-07 14:45:36 - xl_updata_tool - INFO - category arts: 提取到 0 个 hash
2026-08-07 14:45:36 - xl_updata_tool - INFO - 下载 category 包: https://elpis.17995cdn.com/Android/Bundles/data_c492a1f73b2e82c66cc6e2aaaff400d7.json (尝试 1/2)
2026-08-07 14:45:36 - xl_updata_tool - DEBUG - HTTP GET 成功: https://elpis.17995cdn.com/Android/Bundles/data_c492a1f73b2e... (194633 bytes)
2026-08-07 14:45:36 - xl_updata_tool - DEBUG - 检查 AssetStudio.CLI 路径: C:\Users\Administrator\Desktop\xl\xl_updata_tool\app\tools\AssetStudio\AssetStudio.CLI.exe
2026-08-07 14:45:36 - xl_updata_tool - WARNING - AssetStudio.CLI.exe 不存在，1秒后重试: C:\Users\Administrator\Desktop\xl\xl_updata_tool\app\tools\AssetStudio\AssetStudio.CLI.exe
2026-08-07 14:45:37 - xl_updata_tool - ERROR - AssetStudio.CLI.exe 不存在: C:\Users\Administrator\Desktop\xl\xl_updata_tool\app\tools\AssetStudio\AssetStudio.CLI.exe
2026-08-07 14:45:37 - xl_updata_tool - INFO - category data: 提取到 0 个 hash
2026-08-07 14:45:37 - xl_updata_tool - INFO - 下载 category 包: https://elpis.17995cdn.com/Android/Bundles/other_8a259f46dd0e19c1019e210447795aa3.json (尝试 1/2)
2026-08-07 14:45:37 - xl_updata_tool - DEBUG - HTTP GET 成功: https://elpis.17995cdn.com/Android/Bundles/other_8a259f46dd0... (150720 bytes)
2026-08-07 14:45:37 - xl_updata_tool - DEBUG - 检查 AssetStudio.CLI 路径: C:\Users\Administrator\Desktop\xl\xl_updata_tool\app\tools\AssetStudio\AssetStudio.CLI.exe
2026-08-07 14:45:37 - xl_updata_tool - WARNING - AssetStudio.CLI.exe 不存在，1秒后重试: C:\Users\Administrator\Desktop\xl\xl_updata_tool\app\tools\AssetStudio\AssetStudio.CLI.exe
2026-08-07 14:45:38 - xl_updata_tool - ERROR - AssetStudio.CLI.exe 不存在: C:\Users\Administrator\Desktop\xl\xl_updata_tool\app\tools\AssetStudio\AssetStudio.CLI.exe
2026-08-07 14:45:38 - xl_updata_tool - INFO - category other: 提取到 0 个 hash
2026-08-07 14:45:38 - xl_updata_tool - INFO - 下载 category 包: https://elpis.17995cdn.com/Android/Bundles/video_dfc4022f74d2f5ec00826a28276a2111.json (尝试 1/2)
2026-08-07 14:45:38 - xl_updata_tool - DEBUG - HTTP GET 成功: https://elpis.17995cdn.com/Android/Bundles/video_dfc4022f74d... (2738 bytes)
2026-08-07 14:45:38 - xl_updata_tool - DEBUG - 检查 AssetStudio.CLI 路径: C:\Users\Administrator\Desktop\xl\xl_updata_tool\app\tools\AssetStudio\AssetStudio.CLI.exe
2026-08-07 14:45:38 - xl_updata_tool - WARNING - AssetStudio.CLI.exe 不存在，1秒后重试: C:\Users\Administrator\Desktop\xl\xl_updata_tool\app\tools\AssetStudio\AssetStudio.CLI.exe
2026-08-07 14:45:39 - xl_updata_tool - ERROR - AssetStudio.CLI.exe 不存在: C:\Users\Administrator\Desktop\xl\xl_updata_tool\app\tools\AssetStudio\AssetStudio.CLI.exe
2026-08-07 14:45:39 - xl_updata_tool - INFO - category video: 提取到 0 个 hash
2026-08-07 14:45:39 - xl_updata_tool - WARNING - 版本 134303709534385345 未提取到任何 bundle hash
2026-08-07 15:03:20 - xl_updata_tool - INFO - XL Update Tool 启动
2026-08-07 15:03:23 - xl_updata_tool - INFO - === 开始下载: 版本=134272123703055311, 增量模式=True ===
2026-08-07 15:03:23 - xl_updata_tool - WARNING - 版本 134272123703055311 无 sub_bundle 记录（数据库为空），尝试从服务器获取
2026-08-07 15:03:23 - xl_updata_tool - INFO - 尝试从服务器获取版本 134272123703055311 的 bundle 清单
2026-08-07 15:03:23 - xl_updata_tool - INFO - 下载 category 包: https://elpis.17995cdn.com/Android/Bundles/arts_30ed8244781b44cacc3c5d1ea10a976e.json (尝试 1/2)
2026-08-07 15:03:24 - xl_updata_tool - DEBUG - HTTP GET 成功: https://elpis.17995cdn.com/Android/Bundles/arts_30ed8244781b... (844382 bytes)
2026-08-07 15:03:24 - xl_updata_tool - DEBUG - 检查 AssetStudio.CLI 路径: C:\Users\Administrator\Desktop\xl\xl_updata_tool\app\tools\AssetStudio\AssetStudio.CLI.exe
2026-08-07 15:03:24 - xl_updata_tool - WARNING - AssetStudio.CLI.exe 不存在，1秒后重试: C:\Users\Administrator\Desktop\xl\xl_updata_tool\app\tools\AssetStudio\AssetStudio.CLI.exe
2026-08-07 15:03:25 - xl_updata_tool - ERROR - AssetStudio.CLI.exe 不存在: C:\Users\Administrator\Desktop\xl\xl_updata_tool\app\tools\AssetStudio\AssetStudio.CLI.exe
2026-08-07 15:03:25 - xl_updata_tool - INFO - category arts: 提取到 0 个 hash
2026-08-07 15:03:25 - xl_updata_tool - INFO - 下载 category 包: https://elpis.17995cdn.com/Android/Bundles/data_5d2c794364dfe22100547764f60689fe.json (尝试 1/2)
2026-08-07 15:03:25 - xl_updata_tool - DEBUG - HTTP GET 成功: https://elpis.17995cdn.com/Android/Bundles/data_5d2c794364df... (185983 bytes)
2026-08-07 15:03:25 - xl_updata_tool - DEBUG - 检查 AssetStudio.CLI 路径: C:\Users\Administrator\Desktop\xl\xl_updata_tool\app\tools\AssetStudio\AssetStudio.CLI.exe
2026-08-07 15:03:25 - xl_updata_tool - WARNING - AssetStudio.CLI.exe 不存在，1秒后重试: C:\Users\Administrator\Desktop\xl\xl_updata_tool\app\tools\AssetStudio\AssetStudio.CLI.exe
2026-08-07 15:03:26 - xl_updata_tool - ERROR - AssetStudio.CLI.exe 不存在: C:\Users\Administrator\Desktop\xl\xl_updata_tool\app\tools\AssetStudio\AssetStudio.CLI.exe
2026-08-07 15:03:26 - xl_updata_tool - INFO - category data: 提取到 0 个 hash
2026-08-07 15:03:26 - xl_updata_tool - INFO - 下载 category 包: https://elpis.17995cdn.com/Android/Bundles/other_dd50845a464e1eda86b027103d2cce43.json (尝试 1/2)
2026-08-07 15:03:26 - xl_updata_tool - DEBUG - HTTP GET 成功: https://elpis.17995cdn.com/Android/Bundles/other_dd50845a464... (146765 bytes)
2026-08-07 15:03:26 - xl_updata_tool - DEBUG - 检查 AssetStudio.CLI 路径: C:\Users\Administrator\Desktop\xl\xl_updata_tool\app\tools\AssetStudio\AssetStudio.CLI.exe
2026-08-07 15:03:26 - xl_updata_tool - WARNING - AssetStudio.CLI.exe 不存在，1秒后重试: C:\Users\Administrator\Desktop\xl\xl_updata_tool\app\tools\AssetStudio\AssetStudio.CLI.exe
2026-08-07 15:03:27 - xl_updata_tool - ERROR - AssetStudio.CLI.exe 不存在: C:\Users\Administrator\Desktop\xl\xl_updata_tool\app\tools\AssetStudio\AssetStudio.CLI.exe
2026-08-07 15:03:27 - xl_updata_tool - INFO - category other: 提取到 0 个 hash
2026-08-07 15:03:27 - xl_updata_tool - INFO - 下载 category 包: https://elpis.17995cdn.com/Android/Bundles/video_ac0fb4b1842c88408eee708a5f394a8b.json (尝试 1/2)
2026-08-07 15:03:28 - xl_updata_tool - DEBUG - HTTP GET 成功: https://elpis.17995cdn.com/Android/Bundles/video_ac0fb4b1842... (2744 bytes)
2026-08-07 15:03:28 - xl_updata_tool - DEBUG - 检查 AssetStudio.CLI 路径: C:\Users\Administrator\Desktop\xl\xl_updata_tool\app\tools\AssetStudio\AssetStudio.CLI.exe
2026-08-07 15:03:28 - xl_updata_tool - WARNING - AssetStudio.CLI.exe 不存在，1秒后重试: C:\Users\Administrator\Desktop\xl\xl_updata_tool\app\tools\AssetStudio\AssetStudio.CLI.exe
2026-08-07 15:03:29 - xl_updata_tool - ERROR - AssetStudio.CLI.exe 不存在: C:\Users\Administrator\Desktop\xl\xl_updata_tool\app\tools\AssetStudio\AssetStudio.CLI.exe
2026-08-07 15:03:29 - xl_updata_tool - INFO - category video: 提取到 0 个 hash
2026-08-07 15:03:29 - xl_updata_tool - WARNING - 版本 134272123703055311 未提取到任何 bundle hash
2026-08-07 16:45:20 - xl_updata_tool - INFO - XL Update Tool 启动
2026-08-07 16:45:23 - xl_updata_tool - INFO - === 开始下载: 版本=134303709534385345, 增量模式=True ===
2026-08-07 16:45:23 - xl_updata_tool - WARNING - 版本 134303709534385345 无 sub_bundle 记录（数据库为空），尝试从服务器获取
2026-08-07 16:45:23 - xl_updata_tool - INFO - 尝试从服务器获取版本 134303709534385345 的 bundle 清单
2026-08-07 16:45:23 - xl_updata_tool - INFO - 下载 category 包: https://elpis.17995cdn.com/Android/Bundles/arts_a227cf30bf552736c90f60aa2867d1bd.json (尝试 1/2)
2026-08-07 16:45:24 - xl_updata_tool - DEBUG - HTTP GET 成功: https://elpis.17995cdn.com/Android/Bundles/arts_a227cf30bf55... (860595 bytes)
2026-08-07 16:45:24 - xl_updata_tool - DEBUG - 检查 AssetStudio.CLI 路径: C:\Users\Administrator\Desktop\xl\xl_updata_tool\app\tools\AssetStudio\AssetStudio.CLI.exe
2026-08-07 16:45:24 - xl_updata_tool - WARNING - AssetStudio.CLI.exe 不存在，1秒后重试: C:\Users\Administrator\Desktop\xl\xl_updata_tool\app\tools\AssetStudio\AssetStudio.CLI.exe
2026-08-07 16:45:25 - xl_updata_tool - ERROR - AssetStudio.CLI.exe 不存在: C:\Users\Administrator\Desktop\xl\xl_updata_tool\app\tools\AssetStudio\AssetStudio.CLI.exe
2026-08-07 16:45:25 - xl_updata_tool - INFO - category arts: 提取到 0 个 hash
2026-08-07 16:45:25 - xl_updata_tool - INFO - 下载 category 包: https://elpis.17995cdn.com/Android/Bundles/data_c492a1f73b2e82c66cc6e2aaaff400d7.json (尝试 1/2)
2026-08-07 16:45:25 - xl_updata_tool - DEBUG - HTTP GET 成功: https://elpis.17995cdn.com/Android/Bundles/data_c492a1f73b2e... (194633 bytes)
2026-08-07 16:45:25 - xl_updata_tool - DEBUG - 检查 AssetStudio.CLI 路径: C:\Users\Administrator\Desktop\xl\xl_updata_tool\app\tools\AssetStudio\AssetStudio.CLI.exe
2026-08-07 16:45:25 - xl_updata_tool - WARNING - AssetStudio.CLI.exe 不存在，1秒后重试: C:\Users\Administrator\Desktop\xl\xl_updata_tool\app\tools\AssetStudio\AssetStudio.CLI.exe
2026-08-07 16:45:26 - xl_updata_tool - ERROR - AssetStudio.CLI.exe 不存在: C:\Users\Administrator\Desktop\xl\xl_updata_tool\app\tools\AssetStudio\AssetStudio.CLI.exe
2026-08-07 16:45:26 - xl_updata_tool - INFO - category data: 提取到 0 个 hash
2026-08-07 16:45:26 - xl_updata_tool - INFO - 下载 category 包: https://elpis.17995cdn.com/Android/Bundles/other_8a259f46dd0e19c1019e210447795aa3.json (尝试 1/2)
2026-08-07 16:45:26 - xl_updata_tool - DEBUG - HTTP GET 成功: https://elpis.17995cdn.com/Android/Bundles/other_8a259f46dd0... (150720 bytes)
2026-08-07 16:45:26 - xl_updata_tool - DEBUG - 检查 AssetStudio.CLI 路径: C:\Users\Administrator\Desktop\xl\xl_updata_tool\app\tools\AssetStudio\AssetStudio.CLI.exe
2026-08-07 16:45:26 - xl_updata_tool - WARNING - AssetStudio.CLI.exe 不存在，1秒后重试: C:\Users\Administrator\Desktop\xl\xl_updata_tool\app\tools\AssetStudio\AssetStudio.CLI.exe
2026-08-07 16:45:27 - xl_updata_tool - ERROR - AssetStudio.CLI.exe 不存在: C:\Users\Administrator\Desktop\xl\xl_updata_tool\app\tools\AssetStudio\AssetStudio.CLI.exe
2026-08-07 16:45:27 - xl_updata_tool - INFO - category other: 提取到 0 个 hash
2026-08-07 16:45:27 - xl_updata_tool - INFO - 下载 category 包: https://elpis.17995cdn.com/Android/Bundles/video_dfc4022f74d2f5ec00826a28276a2111.json (尝试 1/2)
2026-08-07 16:45:27 - xl_updata_tool - DEBUG - HTTP GET 成功: https://elpis.17995cdn.com/Android/Bundles/video_dfc4022f74d... (2738 bytes)
2026-08-07 16:45:27 - xl_updata_tool - DEBUG - 检查 AssetStudio.CLI 路径: C:\Users\Administrator\Desktop\xl\xl_updata_tool\app\tools\AssetStudio\AssetStudio.CLI.exe
2026-08-07 16:45:27 - xl_updata_tool - WARNING - AssetStudio.CLI.exe 不存在，1秒后重试: C:\Users\Administrator\Desktop\xl\xl_updata_tool\app\tools\AssetStudio\AssetStudio.CLI.exe
2026-08-07 16:45:28 - xl_updata_tool - ERROR - AssetStudio.CLI.exe 不存在: C:\Users\Administrator\Desktop\xl\xl_updata_tool\app\tools\AssetStudio\AssetStudio.CLI.exe
2026-08-07 16:45:28 - xl_updata_tool - INFO - category video: 提取到 0 个 hash
2026-08-07 16:45:28 - xl_updata_tool - WARNING - 版本 134303709534385345 未提取到任何 bundle hash
2026-08-07 16:46:59 - xl_updata_tool - INFO - XL Update Tool 启动
2026-08-07 16:47:19 - xl_updata_tool - INFO - XL Update Tool 启动
