2026-07-26 19:14:07 - INFO - 38440 - :0 - Application Started, v0.16.28
2026-07-26 19:14:08 - INFO - 38440 - :0 - Current UI Culture: zh-cn
2026-07-26 19:16:22 - INFO - 38440 - :0 - Current memory usage for SpineViewer: 375.46 MB
2026-07-26 19:16:57 - INFO - 38440 - :0 - Current memory usage for SpineViewer: 394.67 MB
2026-07-26 19:17:30 - INFO - 38440 - :0 - Current memory usage for SpineViewer: 384.55 MB
2026-07-26 19:17:39 - INFO - 38440 - :0 - Current memory usage for SpineViewer: 384.71 MB
2026-07-26 19:18:12 - INFO - 38440 - :0 - Current memory usage for SpineViewer: 397.66 MB
2026-07-26 19:18:38 - INFO - 38440 - :0 - Current memory usage for SpineViewer: 428.22 MB
2026-07-26 19:18:42 - INFO - 38440 - :0 - Current memory usage for SpineViewer: 421.39 MB
2026-07-26 19:18:59 - INFO - 26304 - :0 - Application Started, v0.16.28
2026-07-26 19:18:59 - INFO - 26304 - :0 - Current UI Culture: zh-cn
2026-07-26 19:19:08 - INFO - 26304 - :0 - Current memory usage for SpineViewer: 268.70 MB
2026-07-26 19:19:10 - INFO - 26304 - :0 - Current memory usage for SpineViewer: 283.81 MB
2026-07-26 19:20:43 - INFO - 26304 - :0 - Current memory usage for SpineViewer: 293.11 MB
2026-07-26 19:20:55 - INFO - 26304 - :0 - 4 skel loaded successfully
2026-07-26 19:20:55 - INFO - 26304 - :0 - Current memory usage for SpineViewer: 339.68 MB
2026-07-26 19:24:00 - INFO - 26304 - :0 - 98 skel loaded successfully
2026-07-26 19:24:00 - INFO - 26304 - :0 - Current memory usage for SpineViewer: 553.35 MB
2026-07-26 19:26:06 - WARN - 26304 - :0 - Omit invalid duration: -1
2026-07-26 19:26:06 - ERROR - 26304 - :0 - Failed to start ffmpeg, export is not available
2026-07-26 19:26:32 - WARN - 26304 - :0 - Omit invalid duration: -1
2026-07-26 19:26:53 - INFO - 26304 - :0 - Export cancelled
2026-07-26 19:32:26 - ERROR - 26304 - :0 - Failed to start ffmpeg, export is not available
2026-07-26 19:32:26 - ERROR - 26304 - :0 - Failed to start ffmpeg, export is not available
2026-07-26 19:32:26 - ERROR - 26304 - :0 - Failed to start ffmpeg, export is not available
2026-07-26 19:32:36 - WARN - 26304 - :0 - Omit invalid duration: -1
2026-07-26 19:32:36 - ERROR - 26304 - :0 - Failed to start ffmpeg, export is not available
2026-07-26 19:45:09 - WARN - 26304 - :0 - Omit invalid duration: -1
2026-07-26 19:45:09 - ERROR - 26304 - :0 - Failed to start ffmpeg, export is not available
2026-07-26 19:45:41 - INFO - 27132 - :0 - Application Started, v0.16.28
2026-07-26 19:45:41 - INFO - 27132 - :0 - Current UI Culture: zh-cn
2026-07-26 19:47:10 - INFO - 27132 - :0 - Current memory usage for SpineViewer: 268.18 MB
2026-07-26 19:47:22 - INFO - 27132 - :0 - FFmpeg arguments: -f rawvideo -r 30 -pix_fmt rgba -s 2560x1600 -i "\\.\pipe\FFMpegCore_554a7" -f mp4 -c:v libx264 -pix_fmt yuv420p -movflags faststart -crf 23 -vf unpremultiply=inplace=1 "C:\Users\Administrator\Desktop\星落\人物\cardspine_10006_1_260726194717_97ade1_30.mp4" -y
2026-07-26 19:48:21 - INFO - 27132 - :0 - FFmpeg arguments: -f rawvideo -r 60 -pix_fmt rgba -s 2560x1600 -i "\\.\pipe\FFMpegCore_5964c" -f mp4 -c:v libx264 -pix_fmt yuv420p -movflags faststart -crf 23 -vf unpremultiply=inplace=1 "C:\Users\Administrator\Desktop\星落\人物\cardspine_10006_1_260726194814_c4daeb_60.mp4" -y
2026-07-26 19:49:58 - INFO - 27132 - :0 - FFmpeg arguments: -f rawvideo -r 30 -pix_fmt rgba -s 2560x1600 -i "\\.\pipe\FFMpegCore_502f3" -f mp4 -c:v libx264 -pix_fmt yuv420p -movflags faststart -crf 30 -vf unpremultiply=inplace=1 "C:\Users\Administrator\Desktop\星落\人物\cardspine_10006_1_260726194853_b9d34b_30.mp4" -y
2026-07-26 19:50:45 - INFO - 27132 - :0 - Export cancelled
2026-07-26 19:52:25 - INFO - 27132 - :0 - FFmpeg arguments: -f rawvideo -r 60 -pix_fmt rgba -s 2560x1600 -i "\\.\pipe\FFMpegCore_9688e" -f mp4 -c:v libx264 -pix_fmt yuv420p -movflags faststart -crf 60 -vf unpremultiply=inplace=1 "C:\Users\Administrator\Desktop\星落\人物\cardspine_10006_1_260726195108_70392c_60.mp4" -y
2026-07-26 19:54:11 - INFO - 27132 - :0 - FFmpeg arguments: -f rawvideo -r 60 -pix_fmt rgba -s 2560x1600 -i "\\.\pipe\FFMpegCore_f0a33" -f mp4 -c:v libx264 -pix_fmt yuv420p -movflags faststart -crf 60 -vf unpremultiply=inplace=1 "C:\Users\Administrator\Desktop\星落\人物\cardspine_10006_1_260726195406_5b042a_60.mp4" -y
2026-07-26 19:55:05 - INFO - 27132 - :0 - FFmpeg arguments: -f rawvideo -r 60 -pix_fmt rgba -s 2560x1600 -i "\\.\pipe\FFMpegCore_7e23f" -f mp4 -c:v libx264 -pix_fmt yuv420p -movflags faststart -crf 30 -vf unpremultiply=inplace=1 "C:\Users\Administrator\Desktop\星落\人物\cardspine_10006_1_260726195500_3e1ed3_60.mp4" -y
2026-07-26 21:08:30 - INFO - 24208 - :0 - Application Started, v0.16.28
2026-07-26 21:08:30 - INFO - 24208 - :0 - Current UI Culture: zh-cn
2026-07-26 21:17:07 - INFO - 38000 - :0 - Application Started, v0.16.28
2026-07-26 21:17:07 - INFO - 38000 - :0 - Current UI Culture: zh-cn
2026-07-26 21:26:08 - INFO - 14248 - :0 - Application Started, v0.16.28
2026-07-26 21:26:08 - INFO - 14248 - :0 - Current UI Culture: zh-cn
2026-07-26 21:26:31 - INFO - 14248 - :0 - 98 skel loaded successfully
2026-07-26 21:26:31 - INFO - 14248 - :0 - Current memory usage for SpineViewer: 595.68 MB
2026-07-26 21:26:48 - INFO - 39304 - :0 - Application Started, v0.16.28
2026-07-26 21:26:48 - INFO - 39304 - :0 - Current UI Culture: zh-cn
2026-07-26 21:27:12 - DEBUG - 39304 - :0 - System.IO.FileNotFoundException: Matching atlas file not found
File name: 'C:\Users\Administrator\Desktop\星落\人物\apk输入\boss003_leilong_hou.atlas'
   at Spine.SpineObject..ctor(String skelPath, String atlasPath, SpineVersion version, TextureLoader textureLoader)
   at SpineViewer.Models.SpineObjectModel..ctor(String skelPath, String atlasPath)
   at SpineViewer.ViewModels.MainWindow.SpineObjectListViewModel.InsertSpineObject(String skelPath, String atlasPath)
2026-07-26 21:27:12 - ERROR - 39304 - :0 - Failed to load: C:\Users\Administrator\Desktop\星落\人物\apk输入\boss003_leilong_hou.skel, Matching atlas file not found
2026-07-26 21:27:33 - DEBUG - 39304 - :0 - System.IO.FileNotFoundException: Matching atlas file not found
File name: 'C:\Users\Administrator\Desktop\星落\人物\apk输入\MiniGame025_char_cyan.atlas'
   at Spine.SpineObject..ctor(String skelPath, String atlasPath, SpineVersion version, TextureLoader textureLoader)
   at SpineViewer.Models.SpineObjectModel..ctor(String skelPath, String atlasPath)
   at SpineViewer.ViewModels.MainWindow.SpineObjectListViewModel.InsertSpineObject(String skelPath, String atlasPath)
2026-07-26 21:27:33 - ERROR - 39304 - :0 - Failed to load: C:\Users\Administrator\Desktop\星落\人物\apk输入\MiniGame025_char_cyan.skel, Matching atlas file not found
2026-07-26 21:27:33 - DEBUG - 39304 - :0 - System.IO.FileNotFoundException: Matching atlas file not found
File name: 'C:\Users\Administrator\Desktop\星落\人物\apk输入\MiniGame025_char_orange.atlas'
   at Spine.SpineObject..ctor(String skelPath, String atlasPath, SpineVersion version, TextureLoader textureLoader)
   at SpineViewer.Models.SpineObjectModel..ctor(String skelPath, String atlasPath)
   at SpineViewer.ViewModels.MainWindow.SpineObjectListViewModel.InsertSpineObject(String skelPath, String atlasPath)
2026-07-26 21:27:33 - ERROR - 39304 - :0 - Failed to load: C:\Users\Administrator\Desktop\星落\人物\apk输入\MiniGame025_char_orange.skel, Matching atlas file not found
2026-07-26 21:27:33 - DEBUG - 39304 - :0 - System.IO.FileNotFoundException: Matching atlas file not found
File name: 'C:\Users\Administrator\Desktop\星落\人物\apk输入\MiniGame025_char_yellow.atlas'
   at Spine.SpineObject..ctor(String skelPath, String atlasPath, SpineVersion version, TextureLoader textureLoader)
   at SpineViewer.Models.SpineObjectModel..ctor(String skelPath, String atlasPath)
   at SpineViewer.ViewModels.MainWindow.SpineObjectListViewModel.InsertSpineObject(String skelPath, String atlasPath)
2026-07-26 21:27:33 - ERROR - 39304 - :0 - Failed to load: C:\Users\Administrator\Desktop\星落\人物\apk输入\MiniGame025_char_yellow.skel, Matching atlas file not found
2026-07-26 21:27:33 - DEBUG - 39304 - :0 - System.IO.FileNotFoundException: Matching atlas file not found
File name: 'C:\Users\Administrator\Desktop\星落\人物\apk输入\ui_badge_1.atlas'
   at Spine.SpineObject..ctor(String skelPath, String atlasPath, SpineVersion version, TextureLoader textureLoader)
   at SpineViewer.Models.SpineObjectModel..ctor(String skelPath, String atlasPath)
   at SpineViewer.ViewModels.MainWindow.SpineObjectListViewModel.InsertSpineObject(String skelPath, String atlasPath)
2026-07-26 21:27:33 - ERROR - 39304 - :0 - Failed to load: C:\Users\Administrator\Desktop\星落\人物\apk输入\ui_badge_1.skel, Matching atlas file not found
2026-07-26 21:27:34 - DEBUG - 39304 - :0 - System.IO.FileNotFoundException: Matching atlas file not found
File name: 'C:\Users\Administrator\Desktop\星落\人物\apk输入\ui_spine_plant01_tengman_hua_01.atlas.txt'
   at Spine.SpineObject..ctor(String skelPath, String atlasPath, SpineVersion version, TextureLoader textureLoader)
   at SpineViewer.Models.SpineObjectModel..ctor(String skelPath, String atlasPath)
   at SpineViewer.ViewModels.MainWindow.SpineObjectListViewModel.InsertSpineObject(String skelPath, String atlasPath)
2026-07-26 21:27:34 - ERROR - 39304 - :0 - Failed to load: C:\Users\Administrator\Desktop\星落\人物\apk输入\ui_spine_plant01_tengman_hua_01.skel.bytes, Matching atlas file not found
2026-07-26 21:27:34 - DEBUG - 39304 - :0 - System.IO.FileNotFoundException: Matching atlas file not found
File name: 'C:\Users\Administrator\Desktop\星落\人物\apk输入\ui_spine_plant01_tengman_hua_02.atlas.txt'
   at Spine.SpineObject..ctor(String skelPath, String atlasPath, SpineVersion version, TextureLoader textureLoader)
   at SpineViewer.Models.SpineObjectModel..ctor(String skelPath, String atlasPath)
   at SpineViewer.ViewModels.MainWindow.SpineObjectListViewModel.InsertSpineObject(String skelPath, String atlasPath)
2026-07-26 21:27:34 - ERROR - 39304 - :0 - Failed to load: C:\Users\Administrator\Desktop\星落\人物\apk输入\ui_spine_plant01_tengman_hua_02.skel.bytes, Matching atlas file not found
2026-07-26 21:27:34 - DEBUG - 39304 - :0 - System.IO.FileNotFoundException: Matching atlas file not found
File name: 'C:\Users\Administrator\Desktop\星落\人物\apk输入\ui_spine_plant01_tengman_hua_04.atlas.txt'
   at Spine.SpineObject..ctor(String skelPath, String atlasPath, SpineVersion version, TextureLoader textureLoader)
   at SpineViewer.Models.SpineObjectModel..ctor(String skelPath, String atlasPath)
   at SpineViewer.ViewModels.MainWindow.SpineObjectListViewModel.InsertSpineObject(String skelPath, String atlasPath)
2026-07-26 21:27:34 - ERROR - 39304 - :0 - Failed to load: C:\Users\Administrator\Desktop\星落\人物\apk输入\ui_spine_plant01_tengman_hua_04.skel.bytes, Matching atlas file not found
2026-07-26 21:27:34 - DEBUG - 39304 - :0 - System.IO.FileNotFoundException: Matching atlas file not found
File name: 'C:\Users\Administrator\Desktop\星落\人物\apk输入\ui_spine_plant01_tengman_hua_05.atlas.txt'
   at Spine.SpineObject..ctor(String skelPath, String atlasPath, SpineVersion version, TextureLoader textureLoader)
   at SpineViewer.Models.SpineObjectModel..ctor(String skelPath, String atlasPath)
   at SpineViewer.ViewModels.MainWindow.SpineObjectListViewModel.InsertSpineObject(String skelPath, String atlasPath)
2026-07-26 21:27:34 - ERROR - 39304 - :0 - Failed to load: C:\Users\Administrator\Desktop\星落\人物\apk输入\ui_spine_plant01_tengman_hua_05.skel.bytes, Matching atlas file not found
2026-07-26 21:27:34 - WARN - 39304 - :0 - Batch load 466 successfully, 9 failed
2026-07-26 21:27:34 - INFO - 39304 - :0 - Current memory usage for SpineViewer: 1181.55 MB
2026-07-27 21:38:56 - INFO - 23544 - :0 - Application Started, v0.16.28
2026-07-27 21:38:57 - INFO - 23544 - :0 - Current UI Culture: zh-cn
2026-07-27 21:40:29 - INFO - 23544 - :0 - 2 skel loaded successfully
2026-07-27 21:40:30 - INFO - 23544 - :0 - Current memory usage for SpineViewer: 291.37 MB
2026-07-29 20:46:52 - INFO - 6264 - :0 - Application Started, v0.16.28
2026-07-29 20:46:52 - INFO - 6264 - :0 - Current UI Culture: zh-cn
2026-07-29 22:34:56 - INFO - 6184 - :0 - Application Started, v0.16.28
2026-07-29 22:34:56 - INFO - 6184 - :0 - Current UI Culture: zh-cn
2026-07-29 22:38:02 - INFO - 13556 - :0 - Application Started, v0.16.28
2026-07-29 22:38:02 - INFO - 13556 - :0 - Current UI Culture: zh-cn
2026-07-29 23:27:56 - INFO - 6292 - :0 - Application Started, v0.16.28
2026-07-29 23:27:56 - INFO - 6292 - :0 - Current UI Culture: zh-cn
2026-07-29 23:28:47 - DEBUG - 6292 - :0 - System.IO.FileNotFoundException: Matching atlas file not found
File name: 'C:\Users\Administrator\Desktop\xl\xl_updata_tool\data\material\assets\art\models\battlespine\prefab\battlespine_10019_Material.atlas'
   at Spine.SpineObject..ctor(String skelPath, String atlasPath, SpineVersion version, TextureLoader textureLoader)
   at SpineViewer.Models.SpineObjectModel..ctor(String skelPath, String atlasPath)
   at SpineViewer.ViewModels.MainWindow.SpineObjectListViewModel.InsertSpineObject(String skelPath, String atlasPath)
2026-07-29 23:28:47 - ERROR - 6292 - :0 - Failed to load: C:\Users\Administrator\Desktop\xl\xl_updata_tool\data\material\assets\art\models\battlespine\prefab\battlespine_10019_Material.json, Matching atlas file not found
2026-07-29 23:28:47 - WARN - 6292 - :0 - Batch load 1 successfully, 1 failed
2026-07-29 23:28:47 - INFO - 6292 - :0 - Current memory usage for SpineViewer: 295.00 MB
2026-07-29 23:29:21 - DEBUG - 6292 - :0 - System.IO.FileNotFoundException: Matching atlas file not found
File name: 'C:\Users\Administrator\Desktop\xl\xl_updata_tool\data\material\assets\art\models\battlespine\prefab\battlespine_10077_Material.atlas'
   at Spine.SpineObject..ctor(String skelPath, String atlasPath, SpineVersion version, TextureLoader textureLoader)
   at SpineViewer.Models.SpineObjectModel..ctor(String skelPath, String atlasPath)
   at SpineViewer.ViewModels.MainWindow.SpineObjectListViewModel.InsertSpineObject(String skelPath, String atlasPath)
2026-07-29 23:29:21 - ERROR - 6292 - :0 - Failed to load: C:\Users\Administrator\Desktop\xl\xl_updata_tool\data\material\assets\art\models\battlespine\prefab\battlespine_10077_Material.json, Matching atlas file not found
2026-07-29 23:29:21 - WARN - 6292 - :0 - Batch load 1 successfully, 1 failed
2026-07-29 23:29:21 - INFO - 6292 - :0 - Current memory usage for SpineViewer: 325.27 MB
2026-07-29 23:30:19 - DEBUG - 6292 - :0 - System.IO.FileNotFoundException: Matching atlas file not found
File name: 'C:\Users\Administrator\Desktop\xl\xl_updata_tool\data\material\assets\art\models\battlespine\prefab\battlespine_10080_Material.atlas'
   at Spine.SpineObject..ctor(String skelPath, String atlasPath, SpineVersion version, TextureLoader textureLoader)
   at SpineViewer.Models.SpineObjectModel..ctor(String skelPath, String atlasPath)
   at SpineViewer.ViewModels.MainWindow.SpineObjectListViewModel.InsertSpineObject(String skelPath, String atlasPath)
2026-07-29 23:30:19 - ERROR - 6292 - :0 - Failed to load: C:\Users\Administrator\Desktop\xl\xl_updata_tool\data\material\assets\art\models\battlespine\prefab\battlespine_10080_Material.json, Matching atlas file not found
2026-07-29 23:30:19 - DEBUG - 6292 - :0 - System.IO.FileNotFoundException: Matching atlas file not found
File name: 'C:\Users\Administrator\Desktop\xl\xl_updata_tool\data\material\assets\art\models\battlespine\prefab\battlespine_10080_Material-Multiply.atlas'
   at Spine.SpineObject..ctor(String skelPath, String atlasPath, SpineVersion version, TextureLoader textureLoader)
   at SpineViewer.Models.SpineObjectModel..ctor(String skelPath, String atlasPath)
   at SpineViewer.ViewModels.MainWindow.SpineObjectListViewModel.InsertSpineObject(String skelPath, String atlasPath)
2026-07-29 23:30:19 - ERROR - 6292 - :0 - Failed to load: C:\Users\Administrator\Desktop\xl\xl_updata_tool\data\material\assets\art\models\battlespine\prefab\battlespine_10080_Material-Multiply.json, Matching atlas file not found
2026-07-29 23:30:19 - WARN - 6292 - :0 - Batch load 1 successfully, 2 failed
2026-07-29 23:30:19 - INFO - 6292 - :0 - Current memory usage for SpineViewer: 341.88 MB
2026-07-29 23:34:19 - INFO - 21668 - :0 - Application Started, v0.16.28
2026-07-29 23:34:19 - INFO - 21668 - :0 - Current UI Culture: zh-cn
2026-07-29 23:34:36 - DEBUG - 21668 - :0 - System.IO.FileNotFoundException: Matching atlas file not found
File name: 'C:\Users\Administrator\Desktop\xl\xl_updata_tool\data\material\assets\art\models\battlespine\prefab\battlespine_10077_Material.atlas'
   at Spine.SpineObject..ctor(String skelPath, String atlasPath, SpineVersion version, TextureLoader textureLoader)
   at SpineViewer.Models.SpineObjectModel..ctor(String skelPath, String atlasPath)
   at SpineViewer.ViewModels.MainWindow.SpineObjectListViewModel.InsertSpineObject(String skelPath, String atlasPath)
2026-07-29 23:34:36 - ERROR - 21668 - :0 - Failed to load: C:\Users\Administrator\Desktop\xl\xl_updata_tool\data\material\assets\art\models\battlespine\prefab\battlespine_10077_Material.json, Matching atlas file not found
2026-07-29 23:34:36 - WARN - 21668 - :0 - Batch load 1 successfully, 1 failed
2026-07-29 23:34:36 - INFO - 21668 - :0 - Current memory usage for SpineViewer: 263.07 MB
2026-07-29 23:36:03 - INFO - 19176 - :0 - Application Started, v0.16.28
2026-07-29 23:36:03 - INFO - 19176 - :0 - Current UI Culture: zh-cn
2026-07-29 23:36:09 - DEBUG - 19176 - :0 - System.IO.FileNotFoundException: Matching atlas file not found
File name: 'C:\Users\Administrator\Desktop\xl\xl_updata_tool\data\material\assets\art\models\battlespine\prefab\battlespine_10019_Material.atlas'
   at Spine.SpineObject..ctor(String skelPath, String atlasPath, SpineVersion version, TextureLoader textureLoader)
   at SpineViewer.Models.SpineObjectModel..ctor(String skelPath, String atlasPath)
   at SpineViewer.ViewModels.MainWindow.SpineObjectListViewModel.InsertSpineObject(String skelPath, String atlasPath)
2026-07-29 23:36:09 - ERROR - 19176 - :0 - Failed to load: C:\Users\Administrator\Desktop\xl\xl_updata_tool\data\material\assets\art\models\battlespine\prefab\battlespine_10019_Material.json, Matching atlas file not found
2026-07-29 23:36:09 - WARN - 19176 - :0 - Batch load 1 successfully, 1 failed
2026-07-29 23:36:09 - INFO - 19176 - :0 - Current memory usage for SpineViewer: 266.55 MB
2026-07-29 23:38:25 - INFO - 19176 - :0 - FFmpeg arguments: -f rawvideo -r 30 -pix_fmt rgba -s 256x160 -i "\\.\pipe\FFMpegCore_3c98f" -f mp4 -c:v libx264 -pix_fmt yuv420p -movflags faststart -crf 23 -vf unpremultiply=inplace=1 "C:\Users\Administrator\Desktop\battlespine_10019_260729233816_51a35e_30.mp4" -y
2026-07-29 23:38:50 - INFO - 19176 - :0 - FFmpeg arguments: -f rawvideo -r 30 -pix_fmt rgba -s 256x160 -i "\\.\pipe\FFMpegCore_fe926" -f mp4 -c:v libx264 -pix_fmt yuv420p -movflags faststart -crf 12 -vf unpremultiply=inplace=1 "C:\Users\Administrator\Desktop\battlespine_10019_260729233841_2dd12d_30.mp4" -y
2026-07-30 21:04:32 - INFO - 9784 - :0 - Application Started, v0.16.28
2026-07-30 21:04:32 - INFO - 9784 - :0 - Current UI Culture: zh-cn
2026-07-30 21:08:53 - INFO - 17992 - :0 - Application Started, v0.16.28
2026-07-30 21:08:53 - INFO - 17992 - :0 - Current UI Culture: zh-cn
2026-07-30 21:09:04 - INFO - 4836 - :0 - Application Started, v0.16.28
2026-07-30 21:09:04 - INFO - 4836 - :0 - Current UI Culture: zh-cn
2026-07-30 21:10:48 - INFO - 21644 - :0 - Application Started, v0.16.28
2026-07-30 21:10:48 - INFO - 21644 - :0 - Current UI Culture: zh-cn
2026-07-30 21:20:18 - INFO - 23516 - :0 - Application Started, v0.16.28
2026-07-30 21:20:19 - INFO - 23516 - :0 - Current UI Culture: zh-cn
2026-07-30 21:20:30 - DEBUG - 23516 - :0 - System.IO.FileNotFoundException: Matching atlas file not found
File name: 'C:\Users\Administrator\Desktop\xl\xl_updata_tool\data\material\assets\art\models\cardspine\prefab\cardspine_10022_2_bg.atlas'
   at Spine.SpineObject..ctor(String skelPath, String atlasPath, SpineVersion version, TextureLoader textureLoader)
   at SpineViewer.Models.SpineObjectModel..ctor(String skelPath, String atlasPath)
   at SpineViewer.ViewModels.MainWindow.SpineObjectListViewModel.InsertSpineObject(String skelPath, String atlasPath)
2026-07-30 21:20:30 - ERROR - 23516 - :0 - Failed to load: C:\Users\Administrator\Desktop\xl\xl_updata_tool\data\material\assets\art\models\cardspine\prefab\cardspine_10022_2_bg.json, Matching atlas file not found
2026-07-30 21:20:30 - WARN - 23516 - :0 - Batch load 1 successfully, 1 failed
2026-07-30 21:20:30 - INFO - 23516 - :0 - Current memory usage for SpineViewer: 298.85 MB
2026-07-30 21:20:41 - DEBUG - 23516 - :0 - System.IO.FileNotFoundException: Matching atlas file not found
File name: 'C:\Users\Administrator\Desktop\xl\xl_updata_tool\data\material\assets\art\models\cardspine\prefab\cardspine_10022_2_Material-Additive.atlas'
   at Spine.SpineObject..ctor(String skelPath, String atlasPath, SpineVersion version, TextureLoader textureLoader)
   at SpineViewer.Models.SpineObjectModel..ctor(String skelPath, String atlasPath)
   at SpineViewer.ViewModels.MainWindow.SpineObjectListViewModel.InsertSpineObject(String skelPath, String atlasPath)
2026-07-30 21:20:41 - ERROR - 23516 - :0 - Failed to load: C:\Users\Administrator\Desktop\xl\xl_updata_tool\data\material\assets\art\models\cardspine\prefab\cardspine_10022_2_Material-Additive.json, Matching atlas file not found
2026-07-30 21:20:41 - DEBUG - 23516 - :0 - System.IO.FileNotFoundException: Matching atlas file not found
File name: 'C:\Users\Administrator\Desktop\xl\xl_updata_tool\data\material\assets\art\models\cardspine\prefab\cardspine_10022_2_Material-Multiply.atlas'
   at Spine.SpineObject..ctor(String skelPath, String atlasPath, SpineVersion version, TextureLoader textureLoader)
   at SpineViewer.Models.SpineObjectModel..ctor(String skelPath, String atlasPath)
   at SpineViewer.ViewModels.MainWindow.SpineObjectListViewModel.InsertSpineObject(String skelPath, String atlasPath)
2026-07-30 21:20:41 - ERROR - 23516 - :0 - Failed to load: C:\Users\Administrator\Desktop\xl\xl_updata_tool\data\material\assets\art\models\cardspine\prefab\cardspine_10022_2_Material-Multiply.json, Matching atlas file not found
2026-07-30 21:20:41 - DEBUG - 23516 - :0 - System.IO.FileNotFoundException: Matching atlas file not found
File name: 'C:\Users\Administrator\Desktop\xl\xl_updata_tool\data\material\assets\art\models\cardspine\prefab\cardspine_10022_2_Material.atlas'
   at Spine.SpineObject..ctor(String skelPath, String atlasPath, SpineVersion version, TextureLoader textureLoader)
   at SpineViewer.Models.SpineObjectModel..ctor(String skelPath, String atlasPath)
   at SpineViewer.ViewModels.MainWindow.SpineObjectListViewModel.InsertSpineObject(String skelPath, String atlasPath)
2026-07-30 21:20:41 - ERROR - 23516 - :0 - Failed to load: C:\Users\Administrator\Desktop\xl\xl_updata_tool\data\material\assets\art\models\cardspine\prefab\cardspine_10022_2_Material.json, Matching atlas file not found
2026-07-30 21:20:41 - WARN - 23516 - :0 - Batch load 0 successfully, 3 failed
2026-07-30 21:20:41 - INFO - 23516 - :0 - Current memory usage for SpineViewer: 304.21 MB
2026-07-30 21:20:56 - DEBUG - 23516 - :0 - System.IO.FileNotFoundException: Matching atlas file not found
File name: 'C:\Users\Administrator\Desktop\xl\xl_updata_tool\data\material\assets\art\models\cardspine\prefab\cardspine_10046_1_Material.atlas'
   at Spine.SpineObject..ctor(String skelPath, String atlasPath, SpineVersion version, TextureLoader textureLoader)
   at SpineViewer.Models.SpineObjectModel..ctor(String skelPath, String atlasPath)
   at SpineViewer.ViewModels.MainWindow.SpineObjectListViewModel.InsertSpineObject(String skelPath, String atlasPath)
2026-07-30 21:20:56 - ERROR - 23516 - :0 - Failed to load: C:\Users\Administrator\Desktop\xl\xl_updata_tool\data\material\assets\art\models\cardspine\prefab\cardspine_10046_1_Material.json, Matching atlas file not found
2026-07-30 21:20:56 - WARN - 23516 - :0 - Batch load 1 successfully, 1 failed
2026-07-30 21:20:56 - INFO - 23516 - :0 - Current memory usage for SpineViewer: 332.13 MB
2026-07-30 21:21:19 - DEBUG - 23516 - :0 - System.IO.FileNotFoundException: Matching atlas file not found
File name: 'C:\Users\Administrator\Desktop\xl\xl_updata_tool\data\material\assets\art\models\cardspine\prefab\cardspine_10046_3_bg.atlas'
   at Spine.SpineObject..ctor(String skelPath, String atlasPath, SpineVersion version, TextureLoader textureLoader)
   at SpineViewer.Models.SpineObjectModel..ctor(String skelPath, String atlasPath)
   at SpineViewer.ViewModels.MainWindow.SpineObjectListViewModel.InsertSpineObject(String skelPath, String atlasPath)
2026-07-30 21:21:19 - ERROR - 23516 - :0 - Failed to load: C:\Users\Administrator\Desktop\xl\xl_updata_tool\data\material\assets\art\models\cardspine\prefab\cardspine_10046_3_bg.json, Matching atlas file not found
2026-07-30 21:21:19 - DEBUG - 23516 - :0 - System.IO.FileNotFoundException: Matching atlas file not found
File name: 'C:\Users\Administrator\Desktop\xl\xl_updata_tool\data\material\assets\art\models\cardspine\prefab\cardspine_10046_3_Material.atlas'
   at Spine.SpineObject..ctor(String skelPath, String atlasPath, SpineVersion version, TextureLoader textureLoader)
   at SpineViewer.Models.SpineObjectModel..ctor(String skelPath, String atlasPath)
   at SpineViewer.ViewModels.MainWindow.SpineObjectListViewModel.InsertSpineObject(String skelPath, String atlasPath)
2026-07-30 21:21:19 - ERROR - 23516 - :0 - Failed to load: C:\Users\Administrator\Desktop\xl\xl_updata_tool\data\material\assets\art\models\cardspine\prefab\cardspine_10046_3_Material.json, Matching atlas file not found
2026-07-30 21:21:19 - WARN - 23516 - :0 - Batch load 1 successfully, 2 failed
2026-07-30 21:21:19 - INFO - 23516 - :0 - Current memory usage for SpineViewer: 362.73 MB
2026-07-30 21:23:12 - DEBUG - 23516 - :0 - System.IO.FileNotFoundException: Matching atlas file not found
File name: 'C:\Users\Administrator\Desktop\xl\xl_updata_tool\data\material\assets\art\models\cardspine\prefab\cardspine_10052_1_Material.atlas'
   at Spine.SpineObject..ctor(String skelPath, String atlasPath, SpineVersion version, TextureLoader textureLoader)
   at SpineViewer.Models.SpineObjectModel..ctor(String skelPath, String atlasPath)
   at SpineViewer.ViewModels.MainWindow.SpineObjectListViewModel.InsertSpineObject(String skelPath, String atlasPath)
2026-07-30 21:23:12 - ERROR - 23516 - :0 - Failed to load: C:\Users\Administrator\Desktop\xl\xl_updata_tool\data\material\assets\art\models\cardspine\prefab\cardspine_10052_1_Material.json, Matching atlas file not found
2026-07-30 21:23:12 - WARN - 23516 - :0 - Batch load 1 successfully, 1 failed
2026-07-30 21:23:12 - INFO - 23516 - :0 - Current memory usage for SpineViewer: 366.37 MB
2026-07-30 21:29:23 - DEBUG - 23516 - :0 - System.IO.FileNotFoundException: Matching atlas file not found
File name: 'C:\Users\Administrator\Desktop\xl\xl_updata_tool\data\material\assets\art\models\cardspine\prefab\cardspine_10022_2_bg.atlas'
   at Spine.SpineObject..ctor(String skelPath, String atlasPath, SpineVersion version, TextureLoader textureLoader)
   at SpineViewer.Models.SpineObjectModel..ctor(String skelPath, String atlasPath)
   at SpineViewer.ViewModels.MainWindow.SpineObjectListViewModel.InsertSpineObject(String skelPath, String atlasPath)
2026-07-30 21:29:23 - ERROR - 23516 - :0 - Failed to load: C:\Users\Administrator\Desktop\xl\xl_updata_tool\data\material\assets\art\models\cardspine\prefab\cardspine_10022_2_bg.json, Matching atlas file not found
2026-07-30 21:29:23 - DEBUG - 23516 - :0 - System.IO.FileNotFoundException: Matching atlas file not found
File name: 'C:\Users\Administrator\Desktop\xl\xl_updata_tool\data\material\assets\art\models\cardspine\prefab\cardspine_10022_2_Material-Additive.atlas'
   at Spine.SpineObject..ctor(String skelPath, String atlasPath, SpineVersion version, TextureLoader textureLoader)
   at SpineViewer.Models.SpineObjectModel..ctor(String skelPath, String atlasPath)
   at SpineViewer.ViewModels.MainWindow.SpineObjectListViewModel.InsertSpineObject(String skelPath, String atlasPath)
2026-07-30 21:29:23 - ERROR - 23516 - :0 - Failed to load: C:\Users\Administrator\Desktop\xl\xl_updata_tool\data\material\assets\art\models\cardspine\prefab\cardspine_10022_2_Material-Additive.json, Matching atlas file not found
2026-07-30 21:29:23 - DEBUG - 23516 - :0 - System.IO.FileNotFoundException: Matching atlas file not found
File name: 'C:\Users\Administrator\Desktop\xl\xl_updata_tool\data\material\assets\art\models\cardspine\prefab\cardspine_10022_2_Material-Multiply.atlas'
   at Spine.SpineObject..ctor(String skelPath, String atlasPath, SpineVersion version, TextureLoader textureLoader)
   at SpineViewer.Models.SpineObjectModel..ctor(String skelPath, String atlasPath)
   at SpineViewer.ViewModels.MainWindow.SpineObjectListViewModel.InsertSpineObject(String skelPath, String atlasPath)
2026-07-30 21:29:23 - ERROR - 23516 - :0 - Failed to load: C:\Users\Administrator\Desktop\xl\xl_updata_tool\data\material\assets\art\models\cardspine\prefab\cardspine_10022_2_Material-Multiply.json, Matching atlas file not found
2026-07-30 21:29:23 - DEBUG - 23516 - :0 - System.IO.FileNotFoundException: Matching atlas file not found
File name: 'C:\Users\Administrator\Desktop\xl\xl_updata_tool\data\material\assets\art\models\cardspine\prefab\cardspine_10022_2_Material.atlas'
   at Spine.SpineObject..ctor(String skelPath, String atlasPath, SpineVersion version, TextureLoader textureLoader)
   at SpineViewer.Models.SpineObjectModel..ctor(String skelPath, String atlasPath)
   at SpineViewer.ViewModels.MainWindow.SpineObjectListViewModel.InsertSpineObject(String skelPath, String atlasPath)
2026-07-30 21:29:23 - ERROR - 23516 - :0 - Failed to load: C:\Users\Administrator\Desktop\xl\xl_updata_tool\data\material\assets\art\models\cardspine\prefab\cardspine_10022_2_Material.json, Matching atlas file not found
2026-07-30 21:29:23 - DEBUG - 23516 - :0 - System.IO.FileNotFoundException: Matching atlas file not found
File name: 'C:\Users\Administrator\Desktop\xl\xl_updata_tool\data\material\assets\art\models\cardspine\prefab\cardspine_10046_1_Material.atlas'
   at Spine.SpineObject..ctor(String skelPath, String atlasPath, SpineVersion version, TextureLoader textureLoader)
   at SpineViewer.Models.SpineObjectModel..ctor(String skelPath, String atlasPath)
   at SpineViewer.ViewModels.MainWindow.SpineObjectListViewModel.InsertSpineObject(String skelPath, String atlasPath)
2026-07-30 21:29:23 - ERROR - 23516 - :0 - Failed to load: C:\Users\Administrator\Desktop\xl\xl_updata_tool\data\material\assets\art\models\cardspine\prefab\cardspine_10046_1_Material.json, Matching atlas file not found
2026-07-30 21:29:23 - DEBUG - 23516 - :0 - System.IO.FileNotFoundException: Matching atlas file not found
File name: 'C:\Users\Administrator\Desktop\xl\xl_updata_tool\data\material\assets\art\models\cardspine\prefab\cardspine_10046_3_bg.atlas'
   at Spine.SpineObject..ctor(String skelPath, String atlasPath, SpineVersion version, TextureLoader textureLoader)
   at SpineViewer.Models.SpineObjectModel..ctor(String skelPath, String atlasPath)
   at SpineViewer.ViewModels.MainWindow.SpineObjectListViewModel.InsertSpineObject(String skelPath, String atlasPath)
2026-07-30 21:29:23 - ERROR - 23516 - :0 - Failed to load: C:\Users\Administrator\Desktop\xl\xl_updata_tool\data\material\assets\art\models\cardspine\prefab\cardspine_10046_3_bg.json, Matching atlas file not found
2026-07-30 21:29:23 - DEBUG - 23516 - :0 - System.IO.FileNotFoundException: Matching atlas file not found
File name: 'C:\Users\Administrator\Desktop\xl\xl_updata_tool\data\material\assets\art\models\cardspine\prefab\cardspine_10046_3_Material.atlas'
   at Spine.SpineObject..ctor(String skelPath, String atlasPath, SpineVersion version, TextureLoader textureLoader)
   at SpineViewer.Models.SpineObjectModel..ctor(String skelPath, String atlasPath)
   at SpineViewer.ViewModels.MainWindow.SpineObjectListViewModel.InsertSpineObject(String skelPath, String atlasPath)
2026-07-30 21:29:23 - ERROR - 23516 - :0 - Failed to load: C:\Users\Administrator\Desktop\xl\xl_updata_tool\data\material\assets\art\models\cardspine\prefab\cardspine_10046_3_Material.json, Matching atlas file not found
2026-07-30 21:29:23 - DEBUG - 23516 - :0 - System.IO.FileNotFoundException: Matching atlas file not found
File name: 'C:\Users\Administrator\Desktop\xl\xl_updata_tool\data\material\assets\art\models\cardspine\prefab\cardspine_10052_1_Material.atlas'
   at Spine.SpineObject..ctor(String skelPath, String atlasPath, SpineVersion version, TextureLoader textureLoader)
   at SpineViewer.Models.SpineObjectModel..ctor(String skelPath, String atlasPath)
   at SpineViewer.ViewModels.MainWindow.SpineObjectListViewModel.InsertSpineObject(String skelPath, String atlasPath)
2026-07-30 21:29:23 - ERROR - 23516 - :0 - Failed to load: C:\Users\Administrator\Desktop\xl\xl_updata_tool\data\material\assets\art\models\cardspine\prefab\cardspine_10052_1_Material.json, Matching atlas file not found
2026-07-30 21:29:23 - DEBUG - 23516 - :0 - System.IO.FileNotFoundException: Matching atlas file not found
File name: 'C:\Users\Administrator\Desktop\xl\xl_updata_tool\data\material\assets\art\models\cardspine\prefab\cardspine_10055_3_1_Material.atlas'
   at Spine.SpineObject..ctor(String skelPath, String atlasPath, SpineVersion version, TextureLoader textureLoader)
   at SpineViewer.Models.SpineObjectModel..ctor(String skelPath, String atlasPath)
   at SpineViewer.ViewModels.MainWindow.SpineObjectListViewModel.InsertSpineObject(String skelPath, String atlasPath)
2026-07-30 21:29:23 - ERROR - 23516 - :0 - Failed to load: C:\Users\Administrator\Desktop\xl\xl_updata_tool\data\material\assets\art\models\cardspine\prefab\cardspine_10055_3_1_Material.json, Matching atlas file not found
2026-07-30 21:29:23 - DEBUG - 23516 - :0 - System.IO.FileNotFoundException: Matching atlas file not found
File name: 'C:\Users\Administrator\Desktop\xl\xl_updata_tool\data\material\assets\art\models\cardspine\prefab\cardspine_10055_3_2_Material-Multiply.atlas'
   at Spine.SpineObject..ctor(String skelPath, String atlasPath, SpineVersion version, TextureLoader textureLoader)
   at SpineViewer.Models.SpineObjectModel..ctor(String skelPath, String atlasPath)
   at SpineViewer.ViewModels.MainWindow.SpineObjectListViewModel.InsertSpineObject(String skelPath, String atlasPath)
2026-07-30 21:29:23 - ERROR - 23516 - :0 - Failed to load: C:\Users\Administrator\Desktop\xl\xl_updata_tool\data\material\assets\art\models\cardspine\prefab\cardspine_10055_3_2_Material-Multiply.json, Matching atlas file not found
2026-07-30 21:29:23 - DEBUG - 23516 - :0 - System.IO.FileNotFoundException: Matching atlas file not found
File name: 'C:\Users\Administrator\Desktop\xl\xl_updata_tool\data\material\assets\art\models\cardspine\prefab\cardspine_10055_3_2_Material.atlas'
   at Spine.SpineObject..ctor(String skelPath, String atlasPath, SpineVersion version, TextureLoader textureLoader)
   at SpineViewer.Models.SpineObjectModel..ctor(String skelPath, String atlasPath)
   at SpineViewer.ViewModels.MainWindow.SpineObjectListViewModel.InsertSpineObject(String skelPath, String atlasPath)
2026-07-30 21:29:23 - ERROR - 23516 - :0 - Failed to load: C:\Users\Administrator\Desktop\xl\xl_updata_tool\data\material\assets\art\models\cardspine\prefab\cardspine_10055_3_2_Material.json, Matching atlas file not found
2026-07-30 21:29:23 - DEBUG - 23516 - :0 - System.IO.FileNotFoundException: Matching atlas file not found
File name: 'C:\Users\Administrator\Desktop\xl\xl_updata_tool\data\material\assets\art\models\cardspine\prefab\cardspine_10059_3_Material.atlas'
   at Spine.SpineObject..ctor(String skelPath, String atlasPath, SpineVersion version, TextureLoader textureLoader)
   at SpineViewer.Models.SpineObjectModel..ctor(String skelPath, String atlasPath)
   at SpineViewer.ViewModels.MainWindow.SpineObjectListViewModel.InsertSpineObject(String skelPath, String atlasPath)
2026-07-30 21:29:23 - ERROR - 23516 - :0 - Failed to load: C:\Users\Administrator\Desktop\xl\xl_updata_tool\data\material\assets\art\models\cardspine\prefab\cardspine_10059_3_Material.json, Matching atlas file not found
2026-07-30 21:29:23 - DEBUG - 23516 - :0 - System.IO.FileNotFoundException: Matching atlas file not found
File name: 'C:\Users\Administrator\Desktop\xl\xl_updata_tool\data\material\assets\art\models\cardspine\prefab\cardspine_10098_1_Material.atlas'
   at Spine.SpineObject..ctor(String skelPath, String atlasPath, SpineVersion version, TextureLoader textureLoader)
   at SpineViewer.Models.SpineObjectModel..ctor(String skelPath, String atlasPath)
   at SpineViewer.ViewModels.MainWindow.SpineObjectListViewModel.InsertSpineObject(String skelPath, String atlasPath)
2026-07-30 21:29:23 - ERROR - 23516 - :0 - Failed to load: C:\Users\Administrator\Desktop\xl\xl_updata_tool\data\material\assets\art\models\cardspine\prefab\cardspine_10098_1_Material.json, Matching atlas file not found
2026-07-30 21:29:23 - DEBUG - 23516 - :0 - System.IO.FileNotFoundException: Matching atlas file not found
File name: 'C:\Users\Administrator\Desktop\xl\xl_updata_tool\data\material\assets\art\models\cardspine\prefab\cardspine_10110_2_bg.atlas'
   at Spine.SpineObject..ctor(String skelPath, String atlasPath, SpineVersion version, TextureLoader textureLoader)
   at SpineViewer.Models.SpineObjectModel..ctor(String skelPath, String atlasPath)
   at SpineViewer.ViewModels.MainWindow.SpineObjectListViewModel.InsertSpineObject(String skelPath, String atlasPath)
2026-07-30 21:29:23 - ERROR - 23516 - :0 - Failed to load: C:\Users\Administrator\Desktop\xl\xl_updata_tool\data\material\assets\art\models\cardspine\prefab\cardspine_10110_2_bg.json, Matching atlas file not found
2026-07-30 21:29:23 - DEBUG - 23516 - :0 - System.IO.FileNotFoundException: Matching atlas file not found
File name: 'C:\Users\Administrator\Desktop\xl\xl_updata_tool\data\material\assets\art\models\cardspine\prefab\cardspine_10110_2_Material-Additive.atlas'
   at Spine.SpineObject..ctor(String skelPath, String atlasPath, SpineVersion version, TextureLoader textureLoader)
   at SpineViewer.Models.SpineObjectModel..ctor(String skelPath, String atlasPath)
   at SpineViewer.ViewModels.MainWindow.SpineObjectListViewModel.InsertSpineObject(String skelPath, String atlasPath)
2026-07-30 21:29:23 - ERROR - 23516 - :0 - Failed to load: C:\Users\Administrator\Desktop\xl\xl_updata_tool\data\material\assets\art\models\cardspine\prefab\cardspine_10110_2_Material-Additive.json, Matching atlas file not found
2026-07-30 21:29:23 - DEBUG - 23516 - :0 - System.IO.FileNotFoundException: Matching atlas file not found
File name: 'C:\Users\Administrator\Desktop\xl\xl_updata_tool\data\material\assets\art\models\cardspine\prefab\cardspine_10110_2_Material-Multiply.atlas'
   at Spine.SpineObject..ctor(String skelPath, String atlasPath, SpineVersion version, TextureLoader textureLoader)
   at SpineViewer.Models.SpineObjectModel..ctor(String skelPath, String atlasPath)
   at SpineViewer.ViewModels.MainWindow.SpineObjectListViewModel.InsertSpineObject(String skelPath, String atlasPath)
2026-07-30 21:29:23 - ERROR - 23516 - :0 - Failed to load: C:\Users\Administrator\Desktop\xl\xl_updata_tool\data\material\assets\art\models\cardspine\prefab\cardspine_10110_2_Material-Multiply.json, Matching atlas file not found
2026-07-30 21:29:23 - DEBUG - 23516 - :0 - System.IO.FileNotFoundException: Matching atlas file not found
File name: 'C:\Users\Administrator\Desktop\xl\xl_updata_tool\data\material\assets\art\models\cardspine\prefab\cardspine_10110_2_Material.atlas'
   at Spine.SpineObject..ctor(String skelPath, String atlasPath, SpineVersion version, TextureLoader textureLoader)
   at SpineViewer.Models.SpineObjectModel..ctor(String skelPath, String atlasPath)
   at SpineViewer.ViewModels.MainWindow.SpineObjectListViewModel.InsertSpineObject(String skelPath, String atlasPath)
2026-07-30 21:29:23 - ERROR - 23516 - :0 - Failed to load: C:\Users\Administrator\Desktop\xl\xl_updata_tool\data\material\assets\art\models\cardspine\prefab\cardspine_10110_2_Material.json, Matching atlas file not found
2026-07-30 21:29:23 - DEBUG - 23516 - :0 - System.IO.FileNotFoundException: Matching atlas file not found
File name: 'C:\Users\Administrator\Desktop\xl\xl_updata_tool\data\material\assets\art\models\cardspine\prefab\cardspine_10110_3_1_Material-Additive.atlas'
   at Spine.SpineObject..ctor(String skelPath, String atlasPath, SpineVersion version, TextureLoader textureLoader)
   at SpineViewer.Models.SpineObjectModel..ctor(String skelPath, String atlasPath)
   at SpineViewer.ViewModels.MainWindow.SpineObjectListViewModel.InsertSpineObject(String skelPath, String atlasPath)
2026-07-30 21:29:23 - ERROR - 23516 - :0 - Failed to load: C:\Users\Administrator\Desktop\xl\xl_updata_tool\data\material\assets\art\models\cardspine\prefab\cardspine_10110_3_1_Material-Additive.json, Matching atlas file not found
2026-07-30 21:29:23 - DEBUG - 23516 - :0 - System.IO.FileNotFoundException: Matching atlas file not found
File name: 'C:\Users\Administrator\Desktop\xl\xl_updata_tool\data\material\assets\art\models\cardspine\prefab\cardspine_10110_3_1_Material.atlas'
   at Spine.SpineObject..ctor(String skelPath, String atlasPath, SpineVersion version, TextureLoader textureLoader)
   at SpineViewer.Models.SpineObjectModel..ctor(String skelPath, String atlasPath)
   at SpineViewer.ViewModels.MainWindow.SpineObjectListViewModel.InsertSpineObject(String skelPath, String atlasPath)
2026-07-30 21:29:23 - ERROR - 23516 - :0 - Failed to load: C:\Users\Administrator\Desktop\xl\xl_updata_tool\data\material\assets\art\models\cardspine\prefab\cardspine_10110_3_1_Material.json, Matching atlas file not found
2026-07-30 21:29:23 - DEBUG - 23516 - :0 - System.IO.FileNotFoundException: Matching atlas file not found
File name: 'C:\Users\Administrator\Desktop\xl\xl_updata_tool\data\material\assets\art\models\cardspine\prefab\cardspine_10110_3_2_Material.atlas'
   at Spine.SpineObject..ctor(String skelPath, String atlasPath, SpineVersion version, TextureLoader textureLoader)
   at SpineViewer.Models.SpineObjectModel..ctor(String skelPath, String atlasPath)
   at SpineViewer.ViewModels.MainWindow.SpineObjectListViewModel.InsertSpineObject(String skelPath, String atlasPath)
2026-07-30 21:29:23 - ERROR - 23516 - :0 - Failed to load: C:\Users\Administrator\Desktop\xl\xl_updata_tool\data\material\assets\art\models\cardspine\prefab\cardspine_10110_3_2_Material.json, Matching atlas file not found
2026-07-30 21:29:23 - DEBUG - 23516 - :0 - System.IO.FileNotFoundException: Matching atlas file not found
File name: 'C:\Users\Administrator\Desktop\xl\xl_updata_tool\data\material\assets\art\models\cardspine\prefab\cardspine_10110_3_3_Material.atlas'
   at Spine.SpineObject..ctor(String skelPath, String atlasPath, SpineVersion version, TextureLoader textureLoader)
   at SpineViewer.Models.SpineObjectModel..ctor(String skelPath, String atlasPath)
   at SpineViewer.ViewModels.MainWindow.SpineObjectListViewModel.InsertSpineObject(String skelPath, String atlasPath)
2026-07-30 21:29:23 - ERROR - 23516 - :0 - Failed to load: C:\Users\Administrator\Desktop\xl\xl_updata_tool\data\material\assets\art\models\cardspine\prefab\cardspine_10110_3_3_Material.json, Matching atlas file not found
2026-07-30 21:29:24 - DEBUG - 23516 - :0 - System.IO.FileNotFoundException: Matching atlas file not found
File name: 'C:\Users\Administrator\Desktop\xl\xl_updata_tool\data\material\assets\art\models\cardspine\prefab\cardspine_10117_2_bg_Material.atlas'
   at Spine.SpineObject..ctor(String skelPath, String atlasPath, SpineVersion version, TextureLoader textureLoader)
   at SpineViewer.Models.SpineObjectModel..ctor(String skelPath, String atlasPath)
   at SpineViewer.ViewModels.MainWindow.SpineObjectListViewModel.InsertSpineObject(String skelPath, String atlasPath)
2026-07-30 21:29:24 - ERROR - 23516 - :0 - Failed to load: C:\Users\Administrator\Desktop\xl\xl_updata_tool\data\material\assets\art\models\cardspine\prefab\cardspine_10117_2_bg_Material.json, Matching atlas file not found
2026-07-30 21:29:24 - DEBUG - 23516 - :0 - System.IO.FileNotFoundException: Matching atlas file not found
File name: 'C:\Users\Administrator\Desktop\xl\xl_updata_tool\data\material\assets\art\models\cardspine\prefab\cardspine_10117_2_Material.atlas'
   at Spine.SpineObject..ctor(String skelPath, String atlasPath, SpineVersion version, TextureLoader textureLoader)
   at SpineViewer.Models.SpineObjectModel..ctor(String skelPath, String atlasPath)
   at SpineViewer.ViewModels.MainWindow.SpineObjectListViewModel.InsertSpineObject(String skelPath, String atlasPath)
2026-07-30 21:29:24 - ERROR - 23516 - :0 - Failed to load: C:\Users\Administrator\Desktop\xl\xl_updata_tool\data\material\assets\art\models\cardspine\prefab\cardspine_10117_2_Material.json, Matching atlas file not found
2026-07-30 21:29:24 - DEBUG - 23516 - :0 - System.IO.FileNotFoundException: Matching atlas file not found
File name: 'C:\Users\Administrator\Desktop\xl\xl_updata_tool\data\material\assets\art\models\cardspine\prefab\cardspine_10119_3_bg_Material-Multiply.atlas'
   at Spine.SpineObject..ctor(String skelPath, String atlasPath, SpineVersion version, TextureLoader textureLoader)
   at SpineViewer.Models.SpineObjectModel..ctor(String skelPath, String atlasPath)
   at SpineViewer.ViewModels.MainWindow.SpineObjectListViewModel.InsertSpineObject(String skelPath, String atlasPath)
2026-07-30 21:29:24 - ERROR - 23516 - :0 - Failed to load: C:\Users\Administrator\Desktop\xl\xl_updata_tool\data\material\assets\art\models\cardspine\prefab\cardspine_10119_3_bg_Material-Multiply.json, Matching atlas file not found
2026-07-30 21:29:24 - DEBUG - 23516 - :0 - System.IO.FileNotFoundException: Matching atlas file not found
File name: 'C:\Users\Administrator\Desktop\xl\xl_updata_tool\data\material\assets\art\models\cardspine\prefab\cardspine_10119_3_bg_Material.atlas'
   at Spine.SpineObject..ctor(String skelPath, String atlasPath, SpineVersion version, TextureLoader textureLoader)
   at SpineViewer.Models.SpineObjectModel..ctor(String skelPath, String atlasPath)
   at SpineViewer.ViewModels.MainWindow.SpineObjectListViewModel.InsertSpineObject(String skelPath, String atlasPath)
2026-07-30 21:29:24 - ERROR - 23516 - :0 - Failed to load: C:\Users\Administrator\Desktop\xl\xl_updata_tool\data\material\assets\art\models\cardspine\prefab\cardspine_10119_3_bg_Material.json, Matching atlas file not found
2026-07-30 21:29:24 - DEBUG - 23516 - :0 - System.IO.FileNotFoundException: Matching atlas file not found
File name: 'C:\Users\Administrator\Desktop\xl\xl_updata_tool\data\material\assets\art\models\cardspine\prefab\cardspine_10119_3_Material-Additive.atlas'
   at Spine.SpineObject..ctor(String skelPath, String atlasPath, SpineVersion version, TextureLoader textureLoader)
   at SpineViewer.Models.SpineObjectModel..ctor(String skelPath, String atlasPath)
   at SpineViewer.ViewModels.MainWindow.SpineObjectListViewModel.InsertSpineObject(String skelPath, String atlasPath)
2026-07-30 21:29:24 - ERROR - 23516 - :0 - Failed to load: C:\Users\Administrator\Desktop\xl\xl_updata_tool\data\material\assets\art\models\cardspine\prefab\cardspine_10119_3_Material-Additive.json, Matching atlas file not found
2026-07-30 21:29:24 - DEBUG - 23516 - :0 - System.IO.FileNotFoundException: Matching atlas file not found
File name: 'C:\Users\Administrator\Desktop\xl\xl_updata_tool\data\material\assets\art\models\cardspine\prefab\cardspine_10119_3_Material-Multiply.atlas'
   at Spine.SpineObject..ctor(String skelPath, String atlasPath, SpineVersion version, TextureLoader textureLoader)
   at SpineViewer.Models.SpineObjectModel..ctor(String skelPath, String atlasPath)
   at SpineViewer.ViewModels.MainWindow.SpineObjectListViewModel.InsertSpineObject(String skelPath, String atlasPath)
2026-07-30 21:29:24 - ERROR - 23516 - :0 - Failed to load: C:\Users\Administrator\Desktop\xl\xl_updata_tool\data\material\assets\art\models\cardspine\prefab\cardspine_10119_3_Material-Multiply.json, Matching atlas file not found
2026-07-30 21:29:24 - DEBUG - 23516 - :0 - System.IO.FileNotFoundException: Matching atlas file not found
File name: 'C:\Users\Administrator\Desktop\xl\xl_updata_tool\data\material\assets\art\models\cardspine\prefab\cardspine_10119_3_Material.atlas'
   at Spine.SpineObject..ctor(String skelPath, String atlasPath, SpineVersion version, TextureLoader textureLoader)
   at SpineViewer.Models.SpineObjectModel..ctor(String skelPath, String atlasPath)
   at SpineViewer.ViewModels.MainWindow.SpineObjectListViewModel.InsertSpineObject(String skelPath, String atlasPath)
2026-07-30 21:29:24 - ERROR - 23516 - :0 - Failed to load: C:\Users\Administrator\Desktop\xl\xl_updata_tool\data\material\assets\art\models\cardspine\prefab\cardspine_10119_3_Material.json, Matching atlas file not found
2026-07-30 21:29:24 - WARN - 23516 - :0 - Batch load 16 successfully, 28 failed
2026-07-30 21:29:24 - INFO - 23516 - :0 - Current memory usage for SpineViewer: 454.00 MB
2026-07-30 22:17:24 - INFO - 27520 - :0 - Application Started, v0.16.28
2026-07-30 22:17:24 - INFO - 27520 - :0 - Current UI Culture: zh-cn
2026-07-30 22:17:25 - INFO - 27520 - :0 - Current memory usage for SpineViewer: 226.36 MB
2026-07-30 22:18:36 - INFO - 24764 - :0 - Application Started, v0.16.28
2026-07-30 22:18:36 - INFO - 24764 - :0 - Current UI Culture: zh-cn
2026-07-30 22:18:37 - INFO - 24764 - :0 - Current memory usage for SpineViewer: 238.34 MB
2026-07-30 23:25:24 - INFO - 31528 - :0 - Application Started, v0.16.28
2026-07-30 23:25:24 - INFO - 31528 - :0 - Current UI Culture: zh-cn
2026-07-30 23:54:22 - INFO - 30696 - :0 - Application Started, v0.16.28
2026-07-30 23:54:22 - INFO - 30696 - :0 - Current UI Culture: zh-cn
2026-07-30 23:54:23 - INFO - 30696 - :0 - Current memory usage for SpineViewer: 214.80 MB
2026-07-31 22:22:07 - INFO - 26348 - :0 - Application Started, v0.16.28
2026-07-31 22:22:07 - INFO - 26348 - :0 - Current UI Culture: zh-cn
2026-07-31 22:22:18 - DEBUG - 26348 - :0 - System.IO.FileNotFoundException: Matching atlas file not found
File name: 'C:\Users\Administrator\Desktop\xl\xl_updata_tool\data\material\assets\art\models\cardspine\prefab\cardspine_10022_2_Material-Additive.atlas'
   at Spine.SpineObject..ctor(String skelPath, String atlasPath, SpineVersion version, TextureLoader textureLoader)
   at SpineViewer.Models.SpineObjectModel..ctor(String skelPath, String atlasPath)
   at SpineViewer.ViewModels.MainWindow.SpineObjectListViewModel.InsertSpineObject(String skelPath, String atlasPath)
2026-07-31 22:22:18 - ERROR - 26348 - :0 - Failed to load: C:\Users\Administrator\Desktop\xl\xl_updata_tool\data\material\assets\art\models\cardspine\prefab\cardspine_10022_2_Material-Additive.json, Matching atlas file not found
2026-07-31 22:22:18 - DEBUG - 26348 - :0 - System.IO.FileNotFoundException: Matching atlas file not found
File name: 'C:\Users\Administrator\Desktop\xl\xl_updata_tool\data\material\assets\art\models\cardspine\prefab\cardspine_10022_2_Material-Multiply.atlas'
   at Spine.SpineObject..ctor(String skelPath, String atlasPath, SpineVersion version, TextureLoader textureLoader)
   at SpineViewer.Models.SpineObjectModel..ctor(String skelPath, String atlasPath)
   at SpineViewer.ViewModels.MainWindow.SpineObjectListViewModel.InsertSpineObject(String skelPath, String atlasPath)
2026-07-31 22:22:18 - ERROR - 26348 - :0 - Failed to load: C:\Users\Administrator\Desktop\xl\xl_updata_tool\data\material\assets\art\models\cardspine\prefab\cardspine_10022_2_Material-Multiply.json, Matching atlas file not found
2026-07-31 22:22:18 - DEBUG - 26348 - :0 - System.IO.FileNotFoundException: Matching atlas file not found
File name: 'C:\Users\Administrator\Desktop\xl\xl_updata_tool\data\material\assets\art\models\cardspine\prefab\cardspine_10022_2_Material.atlas'
   at Spine.SpineObject..ctor(String skelPath, String atlasPath, SpineVersion version, TextureLoader textureLoader)
   at SpineViewer.Models.SpineObjectModel..ctor(String skelPath, String atlasPath)
   at SpineViewer.ViewModels.MainWindow.SpineObjectListViewModel.InsertSpineObject(String skelPath, String atlasPath)
2026-07-31 22:22:18 - ERROR - 26348 - :0 - Failed to load: C:\Users\Administrator\Desktop\xl\xl_updata_tool\data\material\assets\art\models\cardspine\prefab\cardspine_10022_2_Material.json, Matching atlas file not found
2026-07-31 22:22:18 - WARN - 26348 - :0 - Batch load 0 successfully, 3 failed
2026-07-31 22:22:19 - INFO - 26348 - :0 - Current memory usage for SpineViewer: 242.86 MB
2026-07-31 22:22:22 - DEBUG - 26348 - :0 - System.IO.FileNotFoundException: Matching atlas file not found
File name: 'C:\Users\Administrator\Desktop\xl\xl_updata_tool\data\material\assets\art\models\cardspine\prefab\cardspine_10046_1_Material.atlas'
   at Spine.SpineObject..ctor(String skelPath, String atlasPath, SpineVersion version, TextureLoader textureLoader)
   at SpineViewer.Models.SpineObjectModel..ctor(String skelPath, String atlasPath)
   at SpineViewer.ViewModels.MainWindow.SpineObjectListViewModel.InsertSpineObject(String skelPath, String atlasPath)
2026-07-31 22:22:22 - ERROR - 26348 - :0 - Failed to load: C:\Users\Administrator\Desktop\xl\xl_updata_tool\data\material\assets\art\models\cardspine\prefab\cardspine_10046_1_Material.json, Matching atlas file not found
2026-07-31 22:22:22 - WARN - 26348 - :0 - Batch load 1 successfully, 1 failed
2026-07-31 22:22:22 - INFO - 26348 - :0 - Current memory usage for SpineViewer: 299.40 MB
2026-07-31 22:22:33 - DEBUG - 26348 - :0 - System.IO.FileNotFoundException: Matching atlas file not found
File name: 'C:\Users\Administrator\Desktop\xl\xl_updata_tool\data\material\assets\art\models\cardspine\prefab\cardspine_10110_3_2_Material.atlas'
   at Spine.SpineObject..ctor(String skelPath, String atlasPath, SpineVersion version, TextureLoader textureLoader)
   at SpineViewer.Models.SpineObjectModel..ctor(String skelPath, String atlasPath)
   at SpineViewer.ViewModels.MainWindow.SpineObjectListViewModel.InsertSpineObject(String skelPath, String atlasPath)
2026-07-31 22:22:33 - ERROR - 26348 - :0 - Failed to load: C:\Users\Administrator\Desktop\xl\xl_updata_tool\data\material\assets\art\models\cardspine\prefab\cardspine_10110_3_2_Material.json, Matching atlas file not found
2026-07-31 22:22:33 - WARN - 26348 - :0 - Batch load 1 successfully, 1 failed
2026-07-31 22:22:33 - INFO - 26348 - :0 - Current memory usage for SpineViewer: 330.17 MB
2026-07-31 22:23:39 - DEBUG - 26348 - :0 - System.IO.FileNotFoundException: Matching atlas file not found
File name: 'C:\Users\Administrator\Desktop\xl\xl_updata_tool\data\material\assets\art\models\battlespine\prefab\battlespine_10019_Material.atlas'
   at Spine.SpineObject..ctor(String skelPath, String atlasPath, SpineVersion version, TextureLoader textureLoader)
   at SpineViewer.Models.SpineObjectModel..ctor(String skelPath, String atlasPath)
   at SpineViewer.ViewModels.MainWindow.SpineObjectListViewModel.InsertSpineObject(String skelPath, String atlasPath)
2026-07-31 22:23:39 - ERROR - 26348 - :0 - Failed to load: C:\Users\Administrator\Desktop\xl\xl_updata_tool\data\material\assets\art\models\battlespine\prefab\battlespine_10019_Material.json, Matching atlas file not found
2026-07-31 22:23:39 - WARN - 26348 - :0 - Batch load 1 successfully, 1 failed
2026-07-31 22:23:39 - INFO - 26348 - :0 - Current memory usage for SpineViewer: 352.73 MB
2026-08-01 14:17:20 - INFO - 11396 - :0 - Application Started, v0.16.28
2026-08-01 14:17:20 - INFO - 11396 - :0 - Current UI Culture: zh-cn
2026-08-01 14:17:48 - INFO - 11396 - :0 - 2 skel loaded successfully
2026-08-01 14:17:48 - INFO - 11396 - :0 - Current memory usage for SpineViewer: 304.61 MB
2026-08-01 14:18:28 - INFO - 11396 - :0 - Current memory usage for SpineViewer: 304.99 MB
2026-08-01 14:19:58 - INFO - 11396 - :0 - Current memory usage for SpineViewer: 315.93 MB
2026-08-01 14:21:12 - INFO - 11396 - :0 - Current memory usage for SpineViewer: 324.44 MB
2026-08-01 14:21:31 - INFO - 11396 - :0 - 2 skel loaded successfully
2026-08-01 14:21:31 - INFO - 11396 - :0 - Current memory usage for SpineViewer: 355.16 MB
2026-08-01 14:31:05 - INFO - 22208 - :0 - Application Started, v0.16.28
2026-08-01 14:31:05 - INFO - 22208 - :0 - Current UI Culture: zh-cn
2026-08-01 14:31:10 - INFO - 22208 - :0 - Current memory usage for SpineViewer: 251.84 MB
2026-08-01 14:32:01 - INFO - 22208 - :0 - Current memory usage for SpineViewer: 253.59 MB
2026-08-01 14:49:18 - ERROR - 22208 - :0 - Texture file not found, C:\Users\Administrator\Desktop\新建文件夹\00_defualt
2026-08-01 14:49:18 - DEBUG - 22208 - :0 - System.Exception: Error reading atlas file: C:\Users\Administrator\Desktop\新建文件夹\CH0087_spr.atlas
 ---> System.IO.FileNotFoundException: Texture file not found
File name: 'C:\Users\Administrator\Desktop\新建文件夹\00_defualt'
   at Spine.Implementations.TextureLoader.ReadTexture(String path)
   at Spine.Implementations.TextureLoader.Load(AtlasPage page, String path)
   at SpineRuntime42.Atlas..ctor(TextReader reader, String imagesDir, TextureLoader textureLoader)
   at SpineRuntime42.Atlas..ctor(String path, TextureLoader textureLoader)
   --- End of inner exception stack trace ---
   at SpineRuntime42.Atlas..ctor(String path, TextureLoader textureLoader)
   at Spine.Implementations.V42.SpineObjectData42..ctor(String skelPath, String atlasPath, TextureLoader textureLoader)
2026-08-01 14:49:18 - DEBUG - 22208 - :0 - System.Reflection.TargetInvocationException: Exception has been thrown by the target of an invocation.
 ---> System.IO.InvalidDataException: Failed to load atlas 'C:\Users\Administrator\Desktop\新建文件夹\CH0087_spr.atlas'
   at Spine.Implementations.V42.SpineObjectData42..ctor(String skelPath, String atlasPath, TextureLoader textureLoader)
   at System.RuntimeMethodHandle.InvokeMethod(Object target, Void** arguments, Signature sig, Boolean isConstructor)
   at System.Reflection.MethodBaseInvoker.InvokeDirectByRefWithFewArgs(Object obj, Span`1 copyOfArgs, BindingFlags invokeAttr)
   --- End of inner exception stack trace ---
   at System.Reflection.MethodBaseInvoker.InvokeDirectByRefWithFewArgs(Object obj, Span`1 copyOfArgs, BindingFlags invokeAttr)
   at System.Reflection.MethodBaseInvoker.InvokeWithFewArgs(Object obj, BindingFlags invokeAttr, Binder binder, Object[] parameters, CultureInfo culture)
   at System.Reflection.RuntimeConstructorInfo.Invoke(BindingFlags invokeAttr, Binder binder, Object[] parameters, CultureInfo culture)
   at System.RuntimeType.CreateInstanceImpl(BindingFlags bindingAttr, Binder binder, Object[] args, CultureInfo culture)
   at System.Activator.CreateInstance(Type type, Object[] args)
   at Spine.Utils.ImplementationResolver`3.CreateInstance(TKey impKey, Object[] args)
   at Spine.Interfaces.SpineObjectData.New(SpineVersion version, String skelPath, String atlasPath, TextureLoader textureLoader)
   at Spine.SpineObject..ctor(String skelPath, String atlasPath, SpineVersion version, TextureLoader textureLoader)
2026-08-01 14:49:18 - DEBUG - 22208 - :0 - System.IO.InvalidDataException: Failed to load spine with version '4.2'
   at Spine.SpineObject..ctor(String skelPath, String atlasPath, SpineVersion version, TextureLoader textureLoader)
   at SpineViewer.Models.SpineObjectModel..ctor(String skelPath, String atlasPath)
   at SpineViewer.ViewModels.MainWindow.SpineObjectListViewModel.InsertSpineObject(String skelPath, String atlasPath)
2026-08-01 14:49:18 - ERROR - 22208 - :0 - Failed to load: C:\Users\Administrator\Desktop\新建文件夹\CH0087_spr.skel, Failed to load spine with version '4.2'
2026-08-01 14:49:18 - INFO - 22208 - :0 - Current memory usage for SpineViewer: 331.65 MB
2026-08-01 14:49:24 - ERROR - 22208 - :0 - Texture file not found, C:\Users\Administrator\Desktop\新建文件夹\00_defualt
2026-08-01 14:49:24 - DEBUG - 22208 - :0 - System.Exception: Error reading atlas file: C:\Users\Administrator\Desktop\新建文件夹\CH0087_spr.atlas
 ---> System.IO.FileNotFoundException: Texture file not found
File name: 'C:\Users\Administrator\Desktop\新建文件夹\00_defualt'
   at Spine.Implementations.TextureLoader.ReadTexture(String path)
   at Spine.Implementations.TextureLoader.Load(AtlasPage page, String path)
   at SpineRuntime42.Atlas..ctor(TextReader reader, String imagesDir, TextureLoader textureLoader)
   at SpineRuntime42.Atlas..ctor(String path, TextureLoader textureLoader)
   --- End of inner exception stack trace ---
   at SpineRuntime42.Atlas..ctor(String path, TextureLoader textureLoader)
   at Spine.Implementations.V42.SpineObjectData42..ctor(String skelPath, String atlasPath, TextureLoader textureLoader)
2026-08-01 14:49:24 - DEBUG - 22208 - :0 - System.Reflection.TargetInvocationException: Exception has been thrown by the target of an invocation.
 ---> System.IO.InvalidDataException: Failed to load atlas 'C:\Users\Administrator\Desktop\新建文件夹\CH0087_spr.atlas'
   at Spine.Implementations.V42.SpineObjectData42..ctor(String skelPath, String atlasPath, TextureLoader textureLoader)
   at System.RuntimeMethodHandle.InvokeMethod(Object target, Void** arguments, Signature sig, Boolean isConstructor)
   at System.Reflection.MethodBaseInvoker.InvokeDirectByRefWithFewArgs(Object obj, Span`1 copyOfArgs, BindingFlags invokeAttr)
   --- End of inner exception stack trace ---
   at System.Reflection.MethodBaseInvoker.InvokeDirectByRefWithFewArgs(Object obj, Span`1 copyOfArgs, BindingFlags invokeAttr)
   at System.Reflection.MethodBaseInvoker.InvokeWithFewArgs(Object obj, BindingFlags invokeAttr, Binder binder, Object[] parameters, CultureInfo culture)
   at System.Reflection.RuntimeConstructorInfo.Invoke(BindingFlags invokeAttr, Binder binder, Object[] parameters, CultureInfo culture)
   at System.RuntimeType.CreateInstanceImpl(BindingFlags bindingAttr, Binder binder, Object[] args, CultureInfo culture)
   at System.Activator.CreateInstance(Type type, Object[] args)
   at Spine.Utils.ImplementationResolver`3.CreateInstance(TKey impKey, Object[] args)
   at Spine.Interfaces.SpineObjectData.New(SpineVersion version, String skelPath, String atlasPath, TextureLoader textureLoader)
   at Spine.SpineObject..ctor(String skelPath, String atlasPath, SpineVersion version, TextureLoader textureLoader)
2026-08-01 14:49:24 - DEBUG - 22208 - :0 - System.IO.InvalidDataException: Failed to load spine with version '4.2'
   at Spine.SpineObject..ctor(String skelPath, String atlasPath, SpineVersion version, TextureLoader textureLoader)
   at SpineViewer.Models.SpineObjectModel..ctor(String skelPath, String atlasPath)
   at SpineViewer.ViewModels.MainWindow.SpineObjectListViewModel.InsertSpineObject(String skelPath, String atlasPath)
2026-08-01 14:49:24 - ERROR - 22208 - :0 - Failed to load: C:\Users\Administrator\Desktop\新建文件夹\CH0087_spr.skel, Failed to load spine with version '4.2'
2026-08-01 14:49:24 - INFO - 22208 - :0 - Current memory usage for SpineViewer: 353.55 MB
2026-08-01 14:50:22 - ERROR - 22208 - :0 - Texture file not found, C:\Users\Administrator\Desktop\新建文件夹\CH0087_spr
2026-08-01 14:50:22 - DEBUG - 22208 - :0 - System.Exception: Error reading atlas file: C:\Users\Administrator\Desktop\新建文件夹\CH0087_spr.atlas
 ---> System.IO.FileNotFoundException: Texture file not found
File name: 'C:\Users\Administrator\Desktop\新建文件夹\CH0087_spr'
   at Spine.Implementations.TextureLoader.ReadTexture(String path)
   at Spine.Implementations.TextureLoader.Load(AtlasPage page, String path)
   at SpineRuntime42.Atlas..ctor(TextReader reader, String imagesDir, TextureLoader textureLoader)
   at SpineRuntime42.Atlas..ctor(String path, TextureLoader textureLoader)
   --- End of inner exception stack trace ---
   at SpineRuntime42.Atlas..ctor(String path, TextureLoader textureLoader)
   at Spine.Implementations.V42.SpineObjectData42..ctor(String skelPath, String atlasPath, TextureLoader textureLoader)
2026-08-01 14:50:22 - DEBUG - 22208 - :0 - System.Reflection.TargetInvocationException: Exception has been thrown by the target of an invocation.
 ---> System.IO.InvalidDataException: Failed to load atlas 'C:\Users\Administrator\Desktop\新建文件夹\CH0087_spr.atlas'
   at Spine.Implementations.V42.SpineObjectData42..ctor(String skelPath, String atlasPath, TextureLoader textureLoader)
   at System.RuntimeMethodHandle.InvokeMethod(Object target, Void** arguments, Signature sig, Boolean isConstructor)
   at System.Reflection.MethodBaseInvoker.InvokeDirectByRefWithFewArgs(Object obj, Span`1 copyOfArgs, BindingFlags invokeAttr)
   --- End of inner exception stack trace ---
   at System.Reflection.MethodBaseInvoker.InvokeDirectByRefWithFewArgs(Object obj, Span`1 copyOfArgs, BindingFlags invokeAttr)
   at System.Reflection.MethodBaseInvoker.InvokeWithFewArgs(Object obj, BindingFlags invokeAttr, Binder binder, Object[] parameters, CultureInfo culture)
   at System.Reflection.RuntimeConstructorInfo.Invoke(BindingFlags invokeAttr, Binder binder, Object[] parameters, CultureInfo culture)
   at System.RuntimeType.CreateInstanceImpl(BindingFlags bindingAttr, Binder binder, Object[] args, CultureInfo culture)
   at System.Activator.CreateInstance(Type type, Object[] args)
   at Spine.Utils.ImplementationResolver`3.CreateInstance(TKey impKey, Object[] args)
   at Spine.Interfaces.SpineObjectData.New(SpineVersion version, String skelPath, String atlasPath, TextureLoader textureLoader)
   at Spine.SpineObject..ctor(String skelPath, String atlasPath, SpineVersion version, TextureLoader textureLoader)
2026-08-01 14:50:22 - DEBUG - 22208 - :0 - System.IO.InvalidDataException: Failed to load spine with version '4.2'
   at Spine.SpineObject..ctor(String skelPath, String atlasPath, SpineVersion version, TextureLoader textureLoader)
   at SpineViewer.Models.SpineObjectModel..ctor(String skelPath, String atlasPath)
   at SpineViewer.ViewModels.MainWindow.SpineObjectListViewModel.InsertSpineObject(String skelPath, String atlasPath)
2026-08-01 14:50:22 - ERROR - 22208 - :0 - Failed to load: C:\Users\Administrator\Desktop\新建文件夹\CH0087_spr.skel, Failed to load spine with version '4.2'
2026-08-01 14:50:22 - INFO - 22208 - :0 - Current memory usage for SpineViewer: 355.12 MB
2026-08-01 14:50:36 - INFO - 22208 - :0 - Current memory usage for SpineViewer: 367.78 MB
2026-08-01 14:50:42 - INFO - 22208 - :0 - Current memory usage for SpineViewer: 337.18 MB
2026-08-01 14:50:45 - ERROR - 22208 - :0 - Texture file not found, C:\Users\Administrator\Desktop\新建文件夹\CH0087_spr
2026-08-01 14:50:45 - DEBUG - 22208 - :0 - System.Exception: Error reading atlas file: C:\Users\Administrator\Desktop\新建文件夹\CH0087_spr.atlas
 ---> System.IO.FileNotFoundException: Texture file not found
File name: 'C:\Users\Administrator\Desktop\新建文件夹\CH0087_spr'
   at Spine.Implementations.TextureLoader.ReadTexture(String path)
   at Spine.Implementations.TextureLoader.Load(AtlasPage page, String path)
   at SpineRuntime42.Atlas..ctor(TextReader reader, String imagesDir, TextureLoader textureLoader)
   at SpineRuntime42.Atlas..ctor(String path, TextureLoader textureLoader)
   --- End of inner exception stack trace ---
   at SpineRuntime42.Atlas..ctor(String path, TextureLoader textureLoader)
   at Spine.Implementations.V42.SpineObjectData42..ctor(String skelPath, String atlasPath, TextureLoader textureLoader)
2026-08-01 14:50:45 - DEBUG - 22208 - :0 - System.Reflection.TargetInvocationException: Exception has been thrown by the target of an invocation.
 ---> System.IO.InvalidDataException: Failed to load atlas 'C:\Users\Administrator\Desktop\新建文件夹\CH0087_spr.atlas'
   at Spine.Implementations.V42.SpineObjectData42..ctor(String skelPath, String atlasPath, TextureLoader textureLoader)
   at InvokeStub_SpineObjectData42..ctor(Object, Span`1)
   at System.Reflection.MethodBaseInvoker.InvokeWithFewArgs(Object obj, BindingFlags invokeAttr, Binder binder, Object[] parameters, CultureInfo culture)
   --- End of inner exception stack trace ---
   at System.Reflection.MethodBaseInvoker.InvokeWithFewArgs(Object obj, BindingFlags invokeAttr, Binder binder, Object[] parameters, CultureInfo culture)
   at System.Reflection.RuntimeConstructorInfo.Invoke(BindingFlags invokeAttr, Binder binder, Object[] parameters, CultureInfo culture)
   at System.RuntimeType.CreateInstanceImpl(BindingFlags bindingAttr, Binder binder, Object[] args, CultureInfo culture)
   at System.Activator.CreateInstance(Type type, Object[] args)
   at Spine.Utils.ImplementationResolver`3.CreateInstance(TKey impKey, Object[] args)
   at Spine.Interfaces.SpineObjectData.New(SpineVersion version, String skelPath, String atlasPath, TextureLoader textureLoader)
   at Spine.SpineObject..ctor(String skelPath, String atlasPath, SpineVersion version, TextureLoader textureLoader)
2026-08-01 14:50:45 - DEBUG - 22208 - :0 - System.IO.InvalidDataException: Failed to load spine with version '4.2'
   at Spine.SpineObject..ctor(String skelPath, String atlasPath, SpineVersion version, TextureLoader textureLoader)
   at SpineViewer.Models.SpineObjectModel..ctor(String skelPath, String atlasPath)
   at SpineViewer.ViewModels.MainWindow.SpineObjectListViewModel.InsertSpineObject(String skelPath, String atlasPath)
2026-08-01 14:50:45 - ERROR - 22208 - :0 - Failed to load: C:\Users\Administrator\Desktop\新建文件夹\CH0087_spr.skel, Failed to load spine with version '4.2'
2026-08-01 14:50:45 - INFO - 22208 - :0 - Current memory usage for SpineViewer: 337.28 MB
